******************************************************************************
               TMS320C6x Linker PC v7.0.3                      
******************************************************************************
>> Linked Wed Mar 07 01:36:36 2012

OUTPUT FILE NAME:   <test_aud.out>
ENTRY POINT SYMBOL: "_c_int00"  address: 00017d80


MEMORY CONFIGURATION

         name            origin    length      used     unused   attr    fill
----------------------  --------  ---------  --------  --------  ----  --------
  RAM                   00000001   fffffffe  000186d8  fffe7926  RWIX


SECTION ALLOCATION MAP

 output                                  attributes/
section   page    origin      length       input sections
--------  ----  ----------  ----------   ----------------
.pinit     0    00000004    00000000     UNINITIALIZED

.data      0    00000008    00000000     UNINITIALIZED

.far       0    00000008    000146e0     UNINITIALIZED
                  00000008    000138a0     test.obj (.far)
                  000138a8    00000c88     sigproc.obj (.far)
                  00014530    000000f4     csl6713.lib : csl_irq.obj (.far)
                  00014624    00000068     codec.obj (.far)
                  0001468c    00000038     csl6713.lib : csl_mcbsp.obj (.far)
                  000146c4    0000000c     rts6700.lib : exit.obj (.far)
                  000146d0    00000008                 : _lock.obj (.far)
                  000146d8    00000008                 : divd.obj (.far)
                  000146e0    00000004                 : errno.obj (.far)
                  000146e4    00000002     dsk6713bsl.lib : dsk6713.obj (.far)
                  000146e6    00000002                    : dsk6713_led.obj (.far)

.switch    0    000146e8    00000018     
                  000146e8    00000018     test.obj (.switch:_wave)

.text      0    00014700    000038e0     
                  00014700    000007c0     sigproc.obj (.text)
                  00014ec0    000007a0     test.obj (.text)
                  00015660    00000760     rts6700.lib : divd.obj (.text:__divd)
                  00015dc0    00000560     codec.obj (.text)
                  00016320    00000480     dsk6713bsl.lib : dsk6713.obj (.text)
                  000167a0    00000320     rts6700.lib : frcmpyd_div.obj (.text:__frcmpyd_div)
                  00016ac0    00000240                 : memcpy62.obj (.text:_memcpy)
                  00016d00    00000240                 : sqrt.obj (.text:_sqrt)
                  00016f40    000001e0     ring.obj (.text)
                  00017120    000001a0     csl6713.lib : csl_mcbsp.obj (.text:_MCBSP_reset)
                  000172c0    000001a0     dsk6713bsl.lib : dsk6713_led.obj (.text)
                  00017460    00000180     rts6700.lib : ldexp.obj (.text:_ldexp)
                  000175e0    00000140                 : frexp.obj (.text:_frexp)
                  00017720    00000120                 : autoinit.obj (.text:__auto_init)
                  00017840    00000120                 : exit.obj (.text:_exit)
                  00017960    00000100     csl6713.lib : csl_mcbsp.obj (.text:_MCBSP_open)
                  00017a60    00000100                 : csl_mcbsp.obj (.text:_MCBSP_start)
                  00017b60    000000e0     rts6700.lib : strasg.obj (.text:__strasg)
                  00017c40    000000a0     csl6713.lib : csl_mcbsp.obj (.text:_MCBSP_config)
                  00017ce0    000000a0     rts6700.lib : mpyll.obj (.text:__mpyll)
                  00017d80    00000080                 : boot.obj (.text:_c_int00)
                  00017e00    00000080     dsk6713bsl.lib : dsk6713_dip.obj (.text)
                  00017e80    00000040     rts6700.lib : divd.obj (.text:___isnan)
                  00017ec0    00000040                 : args_main.obj (.text:__args_main)
                  00017f00    00000020     csl6713.lib : csl_mcbsp.obj (.text:_MCBSP_read)
                  00017f20    00000020                 : csl_mcbsp.obj (.text:_MCBSP_rrdy)
                  00017f40    00000020                 : csl_mcbsp.obj (.text:_MCBSP_write)
                  00017f60    00000020                 : csl_mcbsp.obj (.text:_MCBSP_xrdy)
                  00017f80    00000020     rts6700.lib : _lock.obj (.text:__nop)
                  00017fa0    00000020                 : exit.obj (.text:_abort)
                  00017fc0    00000020     csl6713.lib : csl_irq.obj (.text)

.stack     0    00017fe0    00000400     UNINITIALIZED
                  00017fe0    00000008     rts6700.lib : boot.obj (.stack)
                  00017fe8    000003f8     --HOLE--

.cinit     0    000183e0    0000029c     
                  000183e0    0000012c     csl6713.lib : csl_irq.obj (.cinit)
                  0001850c    00000004     --HOLE-- [fill = 0]
                  00018510    00000080     codec.obj (.cinit)
                  00018590    00000054     csl6713.lib : csl_mcbsp.obj (.cinit)
                  000185e4    00000004     --HOLE-- [fill = 0]
                  000185e8    0000002c     rts6700.lib : exit.obj (.cinit)
                  00018614    00000004     --HOLE-- [fill = 0]
                  00018618    0000001c                 : _lock.obj (.cinit)
                  00018634    00000004     --HOLE-- [fill = 0]
                  00018638    0000001a     test.obj (.cinit)
                  00018652    00000006     --HOLE-- [fill = 0]
                  00018658    00000010     rts6700.lib : divd.obj (.cinit)
                  00018668    0000000c                 : errno.obj (.cinit)
                  00018674    00000004     --HOLE-- [fill = 0]
                  00018678    00000004     (.pad.cinit) [fill = 0]

.bss       0    00018680    00000044     UNINITIALIZED
                  00018680    00000026     test.obj (.bss)
                  000186a6    00000002     --HOLE--
                  000186a8    00000010     sigproc.obj (.bss)
                  000186b8    0000000c     codec.obj (.bss)

.const     0    000186c8    00000020     
                  000186c8    00000020     dsk6713bsl.lib : dsk6713.obj (.const)


GLOBAL SYMBOLS: SORTED ALPHABETICALLY BY Name 

address    name
--------   ----
00018680   $bss
00018680   .bss
00000008   .data
00014700   .text
00017fa0   C$$EXIT
00017e08   _DSK6713_DIP_get
00017e00   _DSK6713_DIP_init
000172c0   _DSK6713_LED_init
000172e8   _DSK6713_LED_off
00017344   _DSK6713_LED_on
000173a0   _DSK6713_LED_toggle
00016734   _DSK6713_getVersion
0001636c   _DSK6713_init
00016688   _DSK6713_rget
0001669c   _DSK6713_rset
000146e4   _DSK6713_version
000166b0   _DSK6713_wait
00016708   _DSK6713_waitusec
00017c40   _MCBSP_config
00017960   _MCBSP_open
00017f00   _MCBSP_read
00017120   _MCBSP_reset
00017f20   _MCBSP_rrdy
00017a60   _MCBSP_start
00017f40   _MCBSP_write
00017f60   _MCBSP_xrdy
0001461c   __IRQ_dispatchTable
00014558   __IRQ_eventTable
00017fc0   __IRQ_hookFetchPacket
000145dc   __IRQ_intTable
000146bc   __MCBSP_hDev0
000146c0   __MCBSP_hDev1
000183e0   __STACK_END
00000400   __STACK_SIZE
00000001   __TI_args_main
000146cc   ___TI_enable_exit_profile_output
ffffffff   ___TI_pprof_out_hndl
ffffffff   ___TI_prof_data_size
ffffffff   ___TI_prof_data_start
ffffffff   ___binit__
00018680   ___bss__
ffffffff   ___c_args__
000183e0   ___cinit__
00000008   ___data__
00000008   ___edata__
000186c4   ___end__
00017fe0   ___etext__
ffffffff   ___pinit__
00014700   ___text__
00017ec0   __args_main
00017720   __auto_init
000146c4   __cleanup_ptr
00015660   __divd
000146c8   __dtors_ptr
000167a0   __frcmpyd_div
000146d0   __lock
00017ce0   __mpyll
00017f80   __nop
00017fe0   __stack
00017b60   __strasg
000146d4   __unlock
00017fa0   _abort
00014624   _aic23_config
00017d80   _c_int00
00014700   _cancel
000138a8   _cc
000186a8   _ccmeansum1
000186b0   _ccmeansum2
000186c0   _codec
00015f5c   _codecSetup
0001627c   _codec_config
000160b4   _codec_reg_set
000161a8   _codec_reset
00014928   _crosscorr
00016fc0   _dec_ring
000146e0   _errno
00017840   _exit
000175e0   _frexp
00015f80   _getData
00016f40   _inc_ring
00017040   _init_ring
000170f4   _init_ring_ptr
00000008   _lbufin
00009c48   _lbufout
00017460   _ldexp
00018690   _lptrcpyi
00018698   _lptrcpyo
00018680   _lptrin
00018688   _lptrout
00013888   _lringin
00013898   _lringout
00014ec0   _main
000186b8   _mcbspControlHandle
000186bc   _mcbspDataHandle
00015dc0   _mcbspSetup
0001466c   _mcbsp_control_config
0001464c   _mcbsp_data_config
00016ac0   _memcpy
00004e28   _rbufin
0000ea68   _rbufout
00018694   _rptrcpyi
0001869c   _rptrcpyo
00018684   _rptrin
0001868c   _rptrout
00013890   _rringin
000138a0   _rringout
00016010   _sendData
00016d00   _sqrt
00015078   _test
00015370   _wave
000186a0   _wave_count
000186a4   _wave_del
ffffffff   binit
000183e0   cinit
00000008   edata
000186c4   end
00017fe0   etext
ffffffff   pinit


GLOBAL SYMBOLS: SORTED BY Symbol Address 

address    name
--------   ----
00000001   __TI_args_main
00000008   .data
00000008   ___data__
00000008   ___edata__
00000008   _lbufin
00000008   edata
00000400   __STACK_SIZE
00004e28   _rbufin
00009c48   _lbufout
0000ea68   _rbufout
00013888   _lringin
00013890   _rringin
00013898   _lringout
000138a0   _rringout
000138a8   _cc
00014558   __IRQ_eventTable
000145dc   __IRQ_intTable
0001461c   __IRQ_dispatchTable
00014624   _aic23_config
0001464c   _mcbsp_data_config
0001466c   _mcbsp_control_config
000146bc   __MCBSP_hDev0
000146c0   __MCBSP_hDev1
000146c4   __cleanup_ptr
000146c8   __dtors_ptr
000146cc   ___TI_enable_exit_profile_output
000146d0   __lock
000146d4   __unlock
000146e0   _errno
000146e4   _DSK6713_version
00014700   .text
00014700   ___text__
00014700   _cancel
00014928   _crosscorr
00014ec0   _main
00015078   _test
00015370   _wave
00015660   __divd
00015dc0   _mcbspSetup
00015f5c   _codecSetup
00015f80   _getData
00016010   _sendData
000160b4   _codec_reg_set
000161a8   _codec_reset
0001627c   _codec_config
0001636c   _DSK6713_init
00016688   _DSK6713_rget
0001669c   _DSK6713_rset
000166b0   _DSK6713_wait
00016708   _DSK6713_waitusec
00016734   _DSK6713_getVersion
000167a0   __frcmpyd_div
00016ac0   _memcpy
00016d00   _sqrt
00016f40   _inc_ring
00016fc0   _dec_ring
00017040   _init_ring
000170f4   _init_ring_ptr
00017120   _MCBSP_reset
000172c0   _DSK6713_LED_init
000172e8   _DSK6713_LED_off
00017344   _DSK6713_LED_on
000173a0   _DSK6713_LED_toggle
00017460   _ldexp
000175e0   _frexp
00017720   __auto_init
00017840   _exit
00017960   _MCBSP_open
00017a60   _MCBSP_start
00017b60   __strasg
00017c40   _MCBSP_config
00017ce0   __mpyll
00017d80   _c_int00
00017e00   _DSK6713_DIP_init
00017e08   _DSK6713_DIP_get
00017ec0   __args_main
00017f00   _MCBSP_read
00017f20   _MCBSP_rrdy
00017f40   _MCBSP_write
00017f60   _MCBSP_xrdy
00017f80   __nop
00017fa0   C$$EXIT
00017fa0   _abort
00017fc0   __IRQ_hookFetchPacket
00017fe0   ___etext__
00017fe0   __stack
00017fe0   etext
000183e0   __STACK_END
000183e0   ___cinit__
000183e0   cinit
00018680   $bss
00018680   .bss
00018680   ___bss__
00018680   _lptrin
00018684   _rptrin
00018688   _lptrout
0001868c   _rptrout
00018690   _lptrcpyi
00018694   _rptrcpyi
00018698   _lptrcpyo
0001869c   _rptrcpyo
000186a0   _wave_count
000186a4   _wave_del
000186a8   _ccmeansum1
000186b0   _ccmeansum2
000186b8   _mcbspControlHandle
000186bc   _mcbspDataHandle
000186c0   _codec
000186c4   ___end__
000186c4   end
ffffffff   ___TI_pprof_out_hndl
ffffffff   ___TI_prof_data_size
ffffffff   ___TI_prof_data_start
ffffffff   ___binit__
ffffffff   ___c_args__
ffffffff   ___pinit__
ffffffff   binit
ffffffff   pinit

[118 symbols]
