******************************************************************************
               TMS320C6x Linker PC v7.0.3                      
******************************************************************************
>> Linked Tue Nov 08 13:11:10 2011

OUTPUT FILE NAME:   <test_aud.out>
ENTRY POINT SYMBOL: "_c_int00"  address: 00015500


MEMORY CONFIGURATION

         name            origin    length      used     unused   attr    fill
----------------------  --------  ---------  --------  --------  ----  --------
  RAM                   00000001   fffffffe  00015eb0  fffea14e  RWIX


SECTION ALLOCATION MAP

 output                                  attributes/
section   page    origin      length       input sections
--------  ----  ----------  ----------   ----------------
.pinit     0    00000004    00000000     UNINITIALIZED

.data      0    00000008    00000000     UNINITIALIZED

.far       0    00000008    00013a24     UNINITIALIZED
                  00000008    00013888     test.obj (.far)
                  00013890    000000f4     csl6713.lib : csl_irq.obj (.far)
                  00013984    00000038                 : csl_mcbsp.obj (.far)
                  000139bc    00000028     codec.obj (.far)
                  000139e4    00000028     dsk6713bsl.lib : dsk6713_aic23_registers.obj (.far)
                  00013a0c    0000000c     rts6700.lib : exit.obj (.far)
                  00013a18    00000008     dsk6713bsl.lib : dsk6713_aic23_opencodec.obj (.far)
                  00013a20    00000008     rts6700.lib : _lock.obj (.far)
                  00013a28    00000002     dsk6713bsl.lib : dsk6713.obj (.far)
                  00013a2a    00000002                    : dsk6713_led.obj (.far)

.text      0    00013a40    00001da0     
                  00013a40    00000540     test.obj (.text)
                  00013f80    00000480     dsk6713bsl.lib : dsk6713.obj (.text)
                  00014400    00000320                    : dsk6713_aic23_opencodec.obj (.text)
                  00014720    00000240     rts6700.lib : memcpy62.obj (.text:_memcpy)
                  00014960    000001e0     ring.obj (.text)
                  00014b40    000001a0     csl6713.lib : csl_mcbsp.obj (.text:_MCBSP_reset)
                  00014ce0    000001a0     dsk6713bsl.lib : dsk6713_led.obj (.text)
                  00014e80    00000160                    : dsk6713_aic23_registers.obj (.text)
                  00014fe0    00000120     rts6700.lib : autoinit.obj (.text:__auto_init)
                  00015100    00000120                 : exit.obj (.text:_exit)
                  00015220    00000100     csl6713.lib : csl_mcbsp.obj (.text:_MCBSP_open)
                  00015320    00000100                 : csl_mcbsp.obj (.text:_MCBSP_start)
                  00015420    000000e0     rts6700.lib : strasg.obj (.text:__strasg)
                  00015500    00000080                 : boot.obj (.text:_c_int00)
                  00015580    00000080     dsk6713bsl.lib : dsk6713_aic23_write.obj (.text)
                  00015600    00000080                    : dsk6713_dip.obj (.text)
                  00015680    00000060     codec.obj (.text)
                  000156e0    00000060     dsk6713bsl.lib : dsk6713_aic23_read.obj (.text)
                  00015740    00000040     rts6700.lib : args_main.obj (.text:__args_main)
                  00015780    00000020                 : _lock.obj (.text:__nop)
                  000157a0    00000020                 : exit.obj (.text:_abort)
                  000157c0    00000020     csl6713.lib : csl_irq.obj (.text)

.stack     0    000157e0    00000400     UNINITIALIZED
                  000157e0    00000008     rts6700.lib : boot.obj (.stack)
                  000157e8    000003f8     --HOLE--

.cinit     0    00015be0    0000025c     
                  00015be0    0000012c     csl6713.lib : csl_irq.obj (.cinit)
                  00015d0c    00000004     --HOLE-- [fill = 0]
                  00015d10    00000054                 : csl_mcbsp.obj (.cinit)
                  00015d64    00000004     --HOLE-- [fill = 0]
                  00015d68    00000030     codec.obj (.cinit)
                  00015d98    00000030     dsk6713bsl.lib : dsk6713_aic23_registers.obj (.cinit)
                  00015dc8    0000002c     rts6700.lib : exit.obj (.cinit)
                  00015df4    00000004     --HOLE-- [fill = 0]
                  00015df8    0000001c                 : _lock.obj (.cinit)
                  00015e14    00000004     --HOLE-- [fill = 0]
                  00015e18    0000001a     test.obj (.cinit)
                  00015e32    00000006     --HOLE-- [fill = 0]
                  00015e38    00000004     (.pad.cinit) [fill = 0]

.const     0    00015e40    00000060     
                  00015e40    00000040     dsk6713bsl.lib : dsk6713_aic23_opencodec.obj (.const)
                  00015e80    00000020                    : dsk6713.obj (.const)

.switch    0    00015ea0    00000018     
                  00015ea0    00000018     test.obj (.switch:_wave)

.bss       0    00015eb8    00000018     UNINITIALIZED
                  00015eb8    00000012     test.obj (.bss)
                  00015eca    00000002     --HOLE--
                  00015ecc    00000004     codec.obj (.bss)


GLOBAL SYMBOLS: SORTED ALPHABETICALLY BY Name 

address    name
--------   ----
00015eb8   $bss
00015eb8   .bss
00000008   .data
00013a40   .text
000157a0   C$$EXIT
00013a18   _DSK6713_AIC23_codeccontrolhandle
00013a1c   _DSK6713_AIC23_codecdatahandle
00014f40   _DSK6713_AIC23_config
00014400   _DSK6713_AIC23_openCodec
000156e0   _DSK6713_AIC23_read
00014f1c   _DSK6713_AIC23_rget
00014e80   _DSK6713_AIC23_rset
00015580   _DSK6713_AIC23_write
00015608   _DSK6713_DIP_get
00015600   _DSK6713_DIP_init
00014ce0   _DSK6713_LED_init
00014d08   _DSK6713_LED_off
00014d64   _DSK6713_LED_on
00014dc0   _DSK6713_LED_toggle
00014394   _DSK6713_getVersion
00013fcc   _DSK6713_init
000142e8   _DSK6713_rget
000142fc   _DSK6713_rset
00013a28   _DSK6713_version
00014310   _DSK6713_wait
00014368   _DSK6713_waitusec
00015220   _MCBSP_open
00014b40   _MCBSP_reset
00015320   _MCBSP_start
0001397c   __IRQ_dispatchTable
000138b8   __IRQ_eventTable
000157c0   __IRQ_hookFetchPacket
0001393c   __IRQ_intTable
000139b4   __MCBSP_hDev0
000139b8   __MCBSP_hDev1
00015be0   __STACK_END
00000400   __STACK_SIZE
00000001   __TI_args_main
00013a14   ___TI_enable_exit_profile_output
ffffffff   ___TI_pprof_out_hndl
ffffffff   ___TI_prof_data_size
ffffffff   ___TI_prof_data_start
ffffffff   ___binit__
00015eb8   ___bss__
ffffffff   ___c_args__
00015be0   ___cinit__
00000008   ___data__
00000008   ___edata__
00015ed0   ___end__
000157e0   ___etext__
ffffffff   ___pinit__
00013a40   ___text__
00015740   __args_main
00014fe0   __auto_init
00013a0c   __cleanup_ptr
00013a10   __dtors_ptr
00013a20   __lock
00015780   __nop
000157e0   __stack
00015420   __strasg
00013a24   __unlock
00015eb8   _a_val_in
000157a0   _abort
000139bc   _aic23_config
00000008   _buf
00015500   _c_int00
00015ecc   _codec
00015680   _codecSetup
000149e0   _dec_ring
00015100   _exit
00014960   _inc_ring
00014a60   _init_ring
00014b14   _init_ring_ptr
00015ebe   _l_val_out
00013a40   _main
00014720   _memcpy
000156c0   _newSample
00015ec0   _ptr
00015ebc   _r_val_out
00013888   _ring
00013ab8   _test
00013c74   _wave
00015ec4   _wave_count
00015ec8   _wave_del
ffffffff   binit
00015be0   cinit
00000008   edata
00015ed0   end
000157e0   etext
ffffffff   pinit


GLOBAL SYMBOLS: SORTED BY Symbol Address 

address    name
--------   ----
00000001   __TI_args_main
00000008   .data
00000008   ___data__
00000008   ___edata__
00000008   _buf
00000008   edata
00000400   __STACK_SIZE
00013888   _ring
000138b8   __IRQ_eventTable
0001393c   __IRQ_intTable
0001397c   __IRQ_dispatchTable
000139b4   __MCBSP_hDev0
000139b8   __MCBSP_hDev1
000139bc   _aic23_config
00013a0c   __cleanup_ptr
00013a10   __dtors_ptr
00013a14   ___TI_enable_exit_profile_output
00013a18   _DSK6713_AIC23_codeccontrolhandle
00013a1c   _DSK6713_AIC23_codecdatahandle
00013a20   __lock
00013a24   __unlock
00013a28   _DSK6713_version
00013a40   .text
00013a40   ___text__
00013a40   _main
00013ab8   _test
00013c74   _wave
00013fcc   _DSK6713_init
000142e8   _DSK6713_rget
000142fc   _DSK6713_rset
00014310   _DSK6713_wait
00014368   _DSK6713_waitusec
00014394   _DSK6713_getVersion
00014400   _DSK6713_AIC23_openCodec
00014720   _memcpy
00014960   _inc_ring
000149e0   _dec_ring
00014a60   _init_ring
00014b14   _init_ring_ptr
00014b40   _MCBSP_reset
00014ce0   _DSK6713_LED_init
00014d08   _DSK6713_LED_off
00014d64   _DSK6713_LED_on
00014dc0   _DSK6713_LED_toggle
00014e80   _DSK6713_AIC23_rset
00014f1c   _DSK6713_AIC23_rget
00014f40   _DSK6713_AIC23_config
00014fe0   __auto_init
00015100   _exit
00015220   _MCBSP_open
00015320   _MCBSP_start
00015420   __strasg
00015500   _c_int00
00015580   _DSK6713_AIC23_write
00015600   _DSK6713_DIP_init
00015608   _DSK6713_DIP_get
00015680   _codecSetup
000156c0   _newSample
000156e0   _DSK6713_AIC23_read
00015740   __args_main
00015780   __nop
000157a0   C$$EXIT
000157a0   _abort
000157c0   __IRQ_hookFetchPacket
000157e0   ___etext__
000157e0   __stack
000157e0   etext
00015be0   __STACK_END
00015be0   ___cinit__
00015be0   cinit
00015eb8   $bss
00015eb8   .bss
00015eb8   ___bss__
00015eb8   _a_val_in
00015ebc   _r_val_out
00015ebe   _l_val_out
00015ec0   _ptr
00015ec4   _wave_count
00015ec8   _wave_del
00015ecc   _codec
00015ed0   ___end__
00015ed0   end
ffffffff   ___TI_pprof_out_hndl
ffffffff   ___TI_prof_data_size
ffffffff   ___TI_prof_data_start
ffffffff   ___binit__
ffffffff   ___c_args__
ffffffff   ___pinit__
ffffffff   binit
ffffffff   pinit

[90 symbols]
