******************************************************************************
               TMS320C6x Linker PC v7.0.3                      
******************************************************************************
>> Linked Tue Nov 15 00:38:50 2011

OUTPUT FILE NAME:   <test_aud.out>
ENTRY POINT SYMBOL: "_c_int00"  address: 00015860


MEMORY CONFIGURATION

         name            origin    length      used     unused   attr    fill
----------------------  --------  ---------  --------  --------  ----  --------
  RAM                   00000001   fffffffe  00016274  fffe9d8a  RWIX


SECTION ALLOCATION MAP

 output                                  attributes/
section   page    origin      length       input sections
--------  ----  ----------  ----------   ----------------
.pinit     0    00000004    00000000     UNINITIALIZED

.data      0    00000008    00000000     UNINITIALIZED

.far       0    00000008    00013a70     UNINITIALIZED
                  00000008    00013888     test.obj (.far)
                  00013890    000000f4     csl6713.lib : csl_irq.obj (.far)
                  00013984    00000068     codec.obj (.far)
                  000139ec    00000038     csl6713.lib : csl_mcbsp.obj (.far)
                  00013a24    00000028     dsk6713bsl.lib : dsk6713_aic23_registers.obj (.far)
                  00013a4c    0000000c     rts6700.lib : exit.obj (.far)
                  00013a58    00000008     dsk6713bsl.lib : dsk6713_aic23_opencodec.obj (.far)
                  00013a60    00000008     rts6700.lib : _lock.obj (.far)
                  00013a68    00000008                 : divd.obj (.far)
                  00013a70    00000004                 : errno.obj (.far)
                  00013a74    00000002     dsk6713bsl.lib : dsk6713.obj (.far)
                  00013a76    00000002                    : dsk6713_led.obj (.far)

.text      0    00013a80    000020a0     
                  00013a80    00000500     test.obj (.text)
                  00013f80    00000480     dsk6713bsl.lib : dsk6713.obj (.text)
                  00014400    00000320                    : dsk6713_aic23_opencodec.obj (.text)
                  00014720    000002c0     codec.obj (.text)
                  000149e0    00000240     rts6700.lib : memcpy62.obj (.text:_memcpy)
                  00014c20    000001e0     ring.obj (.text)
                  00014e00    000001a0     csl6713.lib : csl_mcbsp.obj (.text:_MCBSP_reset)
                  00014fa0    000001a0     dsk6713bsl.lib : dsk6713_led.obj (.text)
                  00015140    00000160                    : dsk6713_aic23_registers.obj (.text)
                  000152a0    00000120     rts6700.lib : autoinit.obj (.text:__auto_init)
                  000153c0    00000120                 : exit.obj (.text:_exit)
                  000154e0    00000100     csl6713.lib : csl_mcbsp.obj (.text:_MCBSP_open)
                  000155e0    00000100                 : csl_mcbsp.obj (.text:_MCBSP_start)
                  000156e0    000000e0     rts6700.lib : strasg.obj (.text:__strasg)
                  000157c0    000000a0     csl6713.lib : csl_mcbsp.obj (.text:_MCBSP_config)
                  00015860    00000080     rts6700.lib : boot.obj (.text:_c_int00)
                  000158e0    00000080     dsk6713bsl.lib : dsk6713_aic23_write.obj (.text)
                  00015960    00000080                    : dsk6713_dip.obj (.text)
                  000159e0    00000060                    : dsk6713_aic23_read.obj (.text)
                  00015a40    00000040     rts6700.lib : args_main.obj (.text:__args_main)
                  00015a80    00000020     csl6713.lib : csl_mcbsp.obj (.text:_MCBSP_read)
                  00015aa0    00000020                 : csl_mcbsp.obj (.text:_MCBSP_rrdy)
                  00015ac0    00000020     rts6700.lib : _lock.obj (.text:__nop)
                  00015ae0    00000020                 : exit.obj (.text:_abort)
                  00015b00    00000020     csl6713.lib : csl_irq.obj (.text)

.stack     0    00015b20    00000400     UNINITIALIZED
                  00015b20    00000008     rts6700.lib : boot.obj (.stack)
                  00015b28    000003f8     --HOLE--

.cinit     0    00015f20    000002cc     
                  00015f20    0000012c     csl6713.lib : csl_irq.obj (.cinit)
                  0001604c    00000004     --HOLE-- [fill = 0]
                  00016050    00000080     codec.obj (.cinit)
                  000160d0    00000054     csl6713.lib : csl_mcbsp.obj (.cinit)
                  00016124    00000004     --HOLE-- [fill = 0]
                  00016128    00000030     dsk6713bsl.lib : dsk6713_aic23_registers.obj (.cinit)
                  00016158    0000002c     rts6700.lib : exit.obj (.cinit)
                  00016184    00000004     --HOLE-- [fill = 0]
                  00016188    0000001c                 : _lock.obj (.cinit)
                  000161a4    00000004     --HOLE-- [fill = 0]
                  000161a8    0000001a     test.obj (.cinit)
                  000161c2    00000006     --HOLE-- [fill = 0]
                  000161c8    00000010     rts6700.lib : divd.obj (.cinit)
                  000161d8    0000000c                 : errno.obj (.cinit)
                  000161e4    00000004     --HOLE-- [fill = 0]
                  000161e8    00000004     (.pad.cinit) [fill = 0]

.const     0    000161f0    00000060     
                  000161f0    00000040     dsk6713bsl.lib : dsk6713_aic23_opencodec.obj (.const)
                  00016230    00000020                    : dsk6713.obj (.const)

.bss       0    00016250    00000020     UNINITIALIZED
                  00016250    00000012     test.obj (.bss)
                  00016262    00000002     --HOLE--
                  00016264    0000000c     codec.obj (.bss)

.switch    0    00016270    00000018     
                  00016270    00000018     test.obj (.switch:_wave)


GLOBAL SYMBOLS: SORTED ALPHABETICALLY BY Name 

address    name
--------   ----
00016250   $bss
00016250   .bss
00000008   .data
00013a80   .text
00015ae0   C$$EXIT
00013a58   _DSK6713_AIC23_codeccontrolhandle
00013a5c   _DSK6713_AIC23_codecdatahandle
00015200   _DSK6713_AIC23_config
00014400   _DSK6713_AIC23_openCodec
000159e0   _DSK6713_AIC23_read
000151dc   _DSK6713_AIC23_rget
00015140   _DSK6713_AIC23_rset
000158e0   _DSK6713_AIC23_write
00015968   _DSK6713_DIP_get
00015960   _DSK6713_DIP_init
00014fa0   _DSK6713_LED_init
00014fc8   _DSK6713_LED_off
00015024   _DSK6713_LED_on
00015080   _DSK6713_LED_toggle
00014394   _DSK6713_getVersion
00013fcc   _DSK6713_init
000142e8   _DSK6713_rget
000142fc   _DSK6713_rset
00013a74   _DSK6713_version
00014310   _DSK6713_wait
00014368   _DSK6713_waitusec
000157c0   _MCBSP_config
000154e0   _MCBSP_open
00015a80   _MCBSP_read
00014e00   _MCBSP_reset
00015aa0   _MCBSP_rrdy
000155e0   _MCBSP_start
0001397c   __IRQ_dispatchTable
000138b8   __IRQ_eventTable
00015b00   __IRQ_hookFetchPacket
0001393c   __IRQ_intTable
00013a1c   __MCBSP_hDev0
00013a20   __MCBSP_hDev1
00015f20   __STACK_END
00000400   __STACK_SIZE
00000001   __TI_args_main
00013a54   ___TI_enable_exit_profile_output
ffffffff   ___TI_pprof_out_hndl
ffffffff   ___TI_prof_data_size
ffffffff   ___TI_prof_data_start
ffffffff   ___binit__
00016250   ___bss__
ffffffff   ___c_args__
00015f20   ___cinit__
00000008   ___data__
00000008   ___edata__
00016270   ___end__
00015b20   ___etext__
ffffffff   ___pinit__
00013a80   ___text__
00015a40   __args_main
000152a0   __auto_init
00013a4c   __cleanup_ptr
00013a50   __dtors_ptr
00013a60   __lock
00015ac0   __nop
00015b20   __stack
000156e0   __strasg
00013a64   __unlock
00016250   _a_val_in
00015ae0   _abort
00013984   _aic23_config
00000008   _buf
00015860   _c_int00
0001626c   _codec
00014924   _codecSetup
00014ca0   _dec_ring
00013a70   _errno
000153c0   _exit
00014950   _getData
00014c20   _inc_ring
00014d20   _init_ring
00014dd4   _init_ring_ptr
00016256   _l_val_out
00013a80   _main
00016264   _mcbspControlHandle
00016268   _mcbspDataHandle
00014720   _mcbspSetup
000139cc   _mcbsp_control_config
000139ac   _mcbsp_data_config
000149e0   _memcpy
00014948   _newSample
00016258   _ptr
00016254   _r_val_out
00013888   _ring
00013af8   _test
00013c78   _wave
0001625c   _wave_count
00016260   _wave_del
ffffffff   binit
00015f20   cinit
00000008   edata
00016270   end
00015b20   etext
ffffffff   pinit


GLOBAL SYMBOLS: SORTED BY Symbol Address 

address    name
--------   ----
00000001   __TI_args_main
00000008   .data
00000008   ___data__
00000008   ___edata__
00000008   _buf
00000008   edata
00000400   __STACK_SIZE
00013888   _ring
000138b8   __IRQ_eventTable
0001393c   __IRQ_intTable
0001397c   __IRQ_dispatchTable
00013984   _aic23_config
000139ac   _mcbsp_data_config
000139cc   _mcbsp_control_config
00013a1c   __MCBSP_hDev0
00013a20   __MCBSP_hDev1
00013a4c   __cleanup_ptr
00013a50   __dtors_ptr
00013a54   ___TI_enable_exit_profile_output
00013a58   _DSK6713_AIC23_codeccontrolhandle
00013a5c   _DSK6713_AIC23_codecdatahandle
00013a60   __lock
00013a64   __unlock
00013a70   _errno
00013a74   _DSK6713_version
00013a80   .text
00013a80   ___text__
00013a80   _main
00013af8   _test
00013c78   _wave
00013fcc   _DSK6713_init
000142e8   _DSK6713_rget
000142fc   _DSK6713_rset
00014310   _DSK6713_wait
00014368   _DSK6713_waitusec
00014394   _DSK6713_getVersion
00014400   _DSK6713_AIC23_openCodec
00014720   _mcbspSetup
00014924   _codecSetup
00014948   _newSample
00014950   _getData
000149e0   _memcpy
00014c20   _inc_ring
00014ca0   _dec_ring
00014d20   _init_ring
00014dd4   _init_ring_ptr
00014e00   _MCBSP_reset
00014fa0   _DSK6713_LED_init
00014fc8   _DSK6713_LED_off
00015024   _DSK6713_LED_on
00015080   _DSK6713_LED_toggle
00015140   _DSK6713_AIC23_rset
000151dc   _DSK6713_AIC23_rget
00015200   _DSK6713_AIC23_config
000152a0   __auto_init
000153c0   _exit
000154e0   _MCBSP_open
000155e0   _MCBSP_start
000156e0   __strasg
000157c0   _MCBSP_config
00015860   _c_int00
000158e0   _DSK6713_AIC23_write
00015960   _DSK6713_DIP_init
00015968   _DSK6713_DIP_get
000159e0   _DSK6713_AIC23_read
00015a40   __args_main
00015a80   _MCBSP_read
00015aa0   _MCBSP_rrdy
00015ac0   __nop
00015ae0   C$$EXIT
00015ae0   _abort
00015b00   __IRQ_hookFetchPacket
00015b20   ___etext__
00015b20   __stack
00015b20   etext
00015f20   __STACK_END
00015f20   ___cinit__
00015f20   cinit
00016250   $bss
00016250   .bss
00016250   ___bss__
00016250   _a_val_in
00016254   _r_val_out
00016256   _l_val_out
00016258   _ptr
0001625c   _wave_count
00016260   _wave_del
00016264   _mcbspControlHandle
00016268   _mcbspDataHandle
0001626c   _codec
00016270   ___end__
00016270   end
ffffffff   ___TI_pprof_out_hndl
ffffffff   ___TI_prof_data_size
ffffffff   ___TI_prof_data_start
ffffffff   ___binit__
ffffffff   ___c_args__
ffffffff   ___pinit__
ffffffff   binit
ffffffff   pinit

[100 symbols]
