******************************************************************************
               TMS320C6x Linker PC v7.0.3                      
******************************************************************************
>> Linked Thu Nov 03 18:49:50 2011

OUTPUT FILE NAME:   <test_aud.out>
ENTRY POINT SYMBOL: "_c_int00"  address: 00014aa0


MEMORY CONFIGURATION

         name            origin    length      used     unused   attr    fill
----------------------  --------  ---------  --------  --------  ----  --------
  RAM                   00000001   fffffffe  0001508c  fffeaf72  RWIX


SECTION ALLOCATION MAP

 output                                  attributes/
section   page    origin      length       input sections
--------  ----  ----------  ----------   ----------------
.pinit     0    00000004    00000000     UNINITIALIZED

.data      0    00000008    00000000     UNINITIALIZED

.bss       0    00000008    00000000     UNINITIALIZED

.far       0    00000008    000138a0     UNINITIALIZED
                  00000008    00013880     test.obj (.far)
                  00013888    0000000c     rts6700.lib : exit.obj (.far)
                  00013894    00000008     codec.obj (.far)
                  0001389c    00000008     rts6700.lib : _lock.obj (.far)
                  000138a4    00000002     dsk6713bsl.lib : dsk6713.obj (.far)
                  000138a6    00000002                    : dsk6713_led.obj (.far)

.switch    0    000138a8    00000018     
                  000138a8    00000018     test.obj (.switch:_wave)

.text      0    000138c0    00001360     
                  000138c0    00000480     dsk6713bsl.lib : dsk6713.obj (.text)
                  00013d40    00000480     test.obj (.text)
                  000141c0    00000240     rts6700.lib : memcpy62.obj (.text:_memcpy)
                  00014400    000001e0     ring.obj (.text)
                  000145e0    000001a0     dsk6713bsl.lib : dsk6713_led.obj (.text)
                  00014780    00000120     rts6700.lib : autoinit.obj (.text:__auto_init)
                  000148a0    00000120                 : exit.obj (.text:_exit)
                  000149c0    000000e0                 : strasg.obj (.text:__strasg)
                  00014aa0    00000080                 : boot.obj (.text:_c_int00)
                  00014b20    00000080     dsk6713bsl.lib : dsk6713_dip.obj (.text)
                  00014ba0    00000040     rts6700.lib : args_main.obj (.text:__args_main)
                  00014be0    00000020                 : _lock.obj (.text:__nop)
                  00014c00    00000020                 : exit.obj (.text:_abort)

.stack     0    00014c20    00000400     UNINITIALIZED
                  00014c20    00000008     rts6700.lib : boot.obj (.stack)
                  00014c28    000003f8     --HOLE--

.cinit     0    00015020    00000054     
                  00015020    0000002c     rts6700.lib : exit.obj (.cinit)
                  0001504c    00000004     --HOLE-- [fill = 0]
                  00015050    0000001c                 : _lock.obj (.cinit)
                  0001506c    00000004     --HOLE-- [fill = 0]
                  00015070    00000004     (.pad.cinit) [fill = 0]

.const     0    00015078    00000020     
                  00015078    00000020     dsk6713bsl.lib : dsk6713.obj (.const)


GLOBAL SYMBOLS: SORTED ALPHABETICALLY BY Name 

address    name
--------   ----
00000008   $bss
00000008   .bss
00000008   .data
000138c0   .text
00014c00   C$$EXIT
00014b28   _DSK6713_DIP_get
00014b20   _DSK6713_DIP_init
000145e0   _DSK6713_LED_init
00014608   _DSK6713_LED_off
00014664   _DSK6713_LED_on
000146c0   _DSK6713_LED_toggle
00013cd4   _DSK6713_getVersion
0001390c   _DSK6713_init
00013c28   _DSK6713_rget
00013c3c   _DSK6713_rset
000138a4   _DSK6713_version
00013c50   _DSK6713_wait
00013ca8   _DSK6713_waitusec
00015020   __STACK_END
00000400   __STACK_SIZE
00000001   __TI_args_main
00013890   ___TI_enable_exit_profile_output
ffffffff   ___TI_pprof_out_hndl
ffffffff   ___TI_prof_data_size
ffffffff   ___TI_prof_data_start
ffffffff   ___binit__
00000008   ___bss__
ffffffff   ___c_args__
00015020   ___cinit__
00000008   ___data__
00000008   ___edata__
00000008   ___end__
00014c20   ___etext__
ffffffff   ___pinit__
000138c0   ___text__
00014ba0   __args_main
00014780   __auto_init
00013888   __cleanup_ptr
0001388c   __dtors_ptr
0001389c   __lock
00014be0   __nop
00014c20   __stack
000149c0   __strasg
000138a0   __unlock
00014c00   _abort
00000008   _buf_a
00009c48   _buf_b
00014aa0   _c_int00
00013894   _data_in
00013898   _data_out
00014480   _dec_ring
000148a0   _exit
00014400   _inc_ring
00014500   _init_ring
000145b4   _init_ring_ptr
00013d40   _main
000141c0   _memcpy
00013e58   _wave
ffffffff   binit
00015020   cinit
00000008   edata
00000008   end
00014c20   etext
ffffffff   pinit


GLOBAL SYMBOLS: SORTED BY Symbol Address 

address    name
--------   ----
00000001   __TI_args_main
00000008   $bss
00000008   .bss
00000008   .data
00000008   ___bss__
00000008   ___data__
00000008   ___edata__
00000008   ___end__
00000008   _buf_a
00000008   edata
00000008   end
00000400   __STACK_SIZE
00009c48   _buf_b
00013888   __cleanup_ptr
0001388c   __dtors_ptr
00013890   ___TI_enable_exit_profile_output
00013894   _data_in
00013898   _data_out
0001389c   __lock
000138a0   __unlock
000138a4   _DSK6713_version
000138c0   .text
000138c0   ___text__
0001390c   _DSK6713_init
00013c28   _DSK6713_rget
00013c3c   _DSK6713_rset
00013c50   _DSK6713_wait
00013ca8   _DSK6713_waitusec
00013cd4   _DSK6713_getVersion
00013d40   _main
00013e58   _wave
000141c0   _memcpy
00014400   _inc_ring
00014480   _dec_ring
00014500   _init_ring
000145b4   _init_ring_ptr
000145e0   _DSK6713_LED_init
00014608   _DSK6713_LED_off
00014664   _DSK6713_LED_on
000146c0   _DSK6713_LED_toggle
00014780   __auto_init
000148a0   _exit
000149c0   __strasg
00014aa0   _c_int00
00014b20   _DSK6713_DIP_init
00014b28   _DSK6713_DIP_get
00014ba0   __args_main
00014be0   __nop
00014c00   C$$EXIT
00014c00   _abort
00014c20   ___etext__
00014c20   __stack
00014c20   etext
00015020   __STACK_END
00015020   ___cinit__
00015020   cinit
ffffffff   ___TI_pprof_out_hndl
ffffffff   ___TI_prof_data_size
ffffffff   ___TI_prof_data_start
ffffffff   ___binit__
ffffffff   ___c_args__
ffffffff   ___pinit__
ffffffff   binit
ffffffff   pinit

[64 symbols]
