******************************************************************************
               TMS320C6x Linker PC v7.0.3                      
******************************************************************************
>> Linked Tue Nov 15 02:14:41 2011

OUTPUT FILE NAME:   <test_aud.out>
ENTRY POINT SYMBOL: "_c_int00"  address: 00015860


MEMORY CONFIGURATION

         name            origin    length      used     unused   attr    fill
----------------------  --------  ---------  --------  --------  ----  --------
  RAM                   00000001   fffffffe  00016214  fffe9dea  RWIX


SECTION ALLOCATION MAP

 output                                  attributes/
section   page    origin      length       input sections
--------  ----  ----------  ----------   ----------------
.pinit     0    00000004    00000000     UNINITIALIZED

.data      0    00000008    00000000     UNINITIALIZED

.far       0    00000008    00013a70     UNINITIALIZED
                  00000008    00013888     test.obj (.far)
                  00013890    000000f4     csl6713.lib : csl_irq.obj (.far)
                  00013984    00000068     codec.obj (.far)
                  000139ec    00000038     csl6713.lib : csl_mcbsp.obj (.far)
                  00013a24    00000028     dsk6713bsl.lib : dsk6713_aic23_registers.obj (.far)
                  00013a4c    0000000c     rts6700.lib : exit.obj (.far)
                  00013a58    00000008     dsk6713bsl.lib : dsk6713_aic23_opencodec.obj (.far)
                  00013a60    00000008     rts6700.lib : _lock.obj (.far)
                  00013a68    00000008                 : divd.obj (.far)
                  00013a70    00000004                 : errno.obj (.far)
                  00013a74    00000002     dsk6713bsl.lib : dsk6713.obj (.far)
                  00013a76    00000002                    : dsk6713_led.obj (.far)

.text      0    00013a80    00002040     
                  00013a80    00000520     test.obj (.text)
                  00013fa0    00000480     dsk6713bsl.lib : dsk6713.obj (.text)
                  00014420    00000320                    : dsk6713_aic23_opencodec.obj (.text)
                  00014740    000002a0     codec.obj (.text)
                  000149e0    00000240     rts6700.lib : memcpy62.obj (.text:_memcpy)
                  00014c20    000001e0     ring.obj (.text)
                  00014e00    000001a0     csl6713.lib : csl_mcbsp.obj (.text:_MCBSP_reset)
                  00014fa0    000001a0     dsk6713bsl.lib : dsk6713_led.obj (.text)
                  00015140    00000160                    : dsk6713_aic23_registers.obj (.text)
                  000152a0    00000120     rts6700.lib : autoinit.obj (.text:__auto_init)
                  000153c0    00000120                 : exit.obj (.text:_exit)
                  000154e0    00000100     csl6713.lib : csl_mcbsp.obj (.text:_MCBSP_open)
                  000155e0    00000100                 : csl_mcbsp.obj (.text:_MCBSP_start)
                  000156e0    000000e0     rts6700.lib : strasg.obj (.text:__strasg)
                  000157c0    000000a0     csl6713.lib : csl_mcbsp.obj (.text:_MCBSP_config)
                  00015860    00000080     rts6700.lib : boot.obj (.text:_c_int00)
                  000158e0    00000080     dsk6713bsl.lib : dsk6713_aic23_write.obj (.text)
                  00015960    00000080                    : dsk6713_dip.obj (.text)
                  000159e0    00000040     rts6700.lib : args_main.obj (.text:__args_main)
                  00015a20    00000020     csl6713.lib : csl_mcbsp.obj (.text:_MCBSP_read)
                  00015a40    00000020                 : csl_mcbsp.obj (.text:_MCBSP_rrdy)
                  00015a60    00000020     rts6700.lib : _lock.obj (.text:__nop)
                  00015a80    00000020                 : exit.obj (.text:_abort)
                  00015aa0    00000020     csl6713.lib : csl_irq.obj (.text)

.stack     0    00015ac0    00000400     UNINITIALIZED
                  00015ac0    00000008     rts6700.lib : boot.obj (.stack)
                  00015ac8    000003f8     --HOLE--

.cinit     0    00015ec0    000002cc     
                  00015ec0    0000012c     csl6713.lib : csl_irq.obj (.cinit)
                  00015fec    00000004     --HOLE-- [fill = 0]
                  00015ff0    00000080     codec.obj (.cinit)
                  00016070    00000054     csl6713.lib : csl_mcbsp.obj (.cinit)
                  000160c4    00000004     --HOLE-- [fill = 0]
                  000160c8    00000030     dsk6713bsl.lib : dsk6713_aic23_registers.obj (.cinit)
                  000160f8    0000002c     rts6700.lib : exit.obj (.cinit)
                  00016124    00000004     --HOLE-- [fill = 0]
                  00016128    0000001c                 : _lock.obj (.cinit)
                  00016144    00000004     --HOLE-- [fill = 0]
                  00016148    0000001a     test.obj (.cinit)
                  00016162    00000006     --HOLE-- [fill = 0]
                  00016168    00000010     rts6700.lib : divd.obj (.cinit)
                  00016178    0000000c                 : errno.obj (.cinit)
                  00016184    00000004     --HOLE-- [fill = 0]
                  00016188    00000004     (.pad.cinit) [fill = 0]

.const     0    00016190    00000060     
                  00016190    00000040     dsk6713bsl.lib : dsk6713_aic23_opencodec.obj (.const)
                  000161d0    00000020                    : dsk6713.obj (.const)

.bss       0    000161f0    00000020     UNINITIALIZED
                  000161f0    00000012     test.obj (.bss)
                  00016202    00000002     --HOLE--
                  00016204    0000000c     codec.obj (.bss)

.switch    0    00016210    00000018     
                  00016210    00000018     test.obj (.switch:_wave)


GLOBAL SYMBOLS: SORTED ALPHABETICALLY BY Name 

address    name
--------   ----
000161f0   $bss
000161f0   .bss
00000008   .data
00013a80   .text
00015a80   C$$EXIT
00013a58   _DSK6713_AIC23_codeccontrolhandle
00013a5c   _DSK6713_AIC23_codecdatahandle
00015200   _DSK6713_AIC23_config
00014420   _DSK6713_AIC23_openCodec
000151dc   _DSK6713_AIC23_rget
00015140   _DSK6713_AIC23_rset
000158e0   _DSK6713_AIC23_write
00015968   _DSK6713_DIP_get
00015960   _DSK6713_DIP_init
00014fa0   _DSK6713_LED_init
00014fc8   _DSK6713_LED_off
00015024   _DSK6713_LED_on
00015080   _DSK6713_LED_toggle
000143b4   _DSK6713_getVersion
00013fec   _DSK6713_init
00014308   _DSK6713_rget
0001431c   _DSK6713_rset
00013a74   _DSK6713_version
00014330   _DSK6713_wait
00014388   _DSK6713_waitusec
000157c0   _MCBSP_config
000154e0   _MCBSP_open
00015a20   _MCBSP_read
00014e00   _MCBSP_reset
00015a40   _MCBSP_rrdy
000155e0   _MCBSP_start
0001397c   __IRQ_dispatchTable
000138b8   __IRQ_eventTable
00015aa0   __IRQ_hookFetchPacket
0001393c   __IRQ_intTable
00013a1c   __MCBSP_hDev0
00013a20   __MCBSP_hDev1
00015ec0   __STACK_END
00000400   __STACK_SIZE
00000001   __TI_args_main
00013a54   ___TI_enable_exit_profile_output
ffffffff   ___TI_pprof_out_hndl
ffffffff   ___TI_prof_data_size
ffffffff   ___TI_prof_data_start
ffffffff   ___binit__
000161f0   ___bss__
ffffffff   ___c_args__
00015ec0   ___cinit__
00000008   ___data__
00000008   ___edata__
00016210   ___end__
00015ac0   ___etext__
ffffffff   ___pinit__
00013a80   ___text__
000159e0   __args_main
000152a0   __auto_init
00013a4c   __cleanup_ptr
00013a50   __dtors_ptr
00013a60   __lock
00015a60   __nop
00015ac0   __stack
000156e0   __strasg
00013a64   __unlock
000161f0   _a_val_in
00015a80   _abort
00013984   _aic23_config
00000008   _buf
00015860   _c_int00
0001620c   _codec
00014944   _codecSetup
00014ca0   _dec_ring
00013a70   _errno
000153c0   _exit
00014970   _getData
00014c20   _inc_ring
00014d20   _init_ring
00014dd4   _init_ring_ptr
000161f6   _l_val_out
00013a80   _main
00016204   _mcbspControlHandle
00016208   _mcbspDataHandle
00014740   _mcbspSetup
000139cc   _mcbsp_control_config
000139ac   _mcbsp_data_config
000149e0   _memcpy
00014968   _newSample
000161f8   _ptr
000161f4   _r_val_out
00013888   _ring
00013af8   _test
00013c98   _wave
000161fc   _wave_count
00016200   _wave_del
ffffffff   binit
00015ec0   cinit
00000008   edata
00016210   end
00015ac0   etext
ffffffff   pinit


GLOBAL SYMBOLS: SORTED BY Symbol Address 

address    name
--------   ----
00000001   __TI_args_main
00000008   .data
00000008   ___data__
00000008   ___edata__
00000008   _buf
00000008   edata
00000400   __STACK_SIZE
00013888   _ring
000138b8   __IRQ_eventTable
0001393c   __IRQ_intTable
0001397c   __IRQ_dispatchTable
00013984   _aic23_config
000139ac   _mcbsp_data_config
000139cc   _mcbsp_control_config
00013a1c   __MCBSP_hDev0
00013a20   __MCBSP_hDev1
00013a4c   __cleanup_ptr
00013a50   __dtors_ptr
00013a54   ___TI_enable_exit_profile_output
00013a58   _DSK6713_AIC23_codeccontrolhandle
00013a5c   _DSK6713_AIC23_codecdatahandle
00013a60   __lock
00013a64   __unlock
00013a70   _errno
00013a74   _DSK6713_version
00013a80   .text
00013a80   ___text__
00013a80   _main
00013af8   _test
00013c98   _wave
00013fec   _DSK6713_init
00014308   _DSK6713_rget
0001431c   _DSK6713_rset
00014330   _DSK6713_wait
00014388   _DSK6713_waitusec
000143b4   _DSK6713_getVersion
00014420   _DSK6713_AIC23_openCodec
00014740   _mcbspSetup
00014944   _codecSetup
00014968   _newSample
00014970   _getData
000149e0   _memcpy
00014c20   _inc_ring
00014ca0   _dec_ring
00014d20   _init_ring
00014dd4   _init_ring_ptr
00014e00   _MCBSP_reset
00014fa0   _DSK6713_LED_init
00014fc8   _DSK6713_LED_off
00015024   _DSK6713_LED_on
00015080   _DSK6713_LED_toggle
00015140   _DSK6713_AIC23_rset
000151dc   _DSK6713_AIC23_rget
00015200   _DSK6713_AIC23_config
000152a0   __auto_init
000153c0   _exit
000154e0   _MCBSP_open
000155e0   _MCBSP_start
000156e0   __strasg
000157c0   _MCBSP_config
00015860   _c_int00
000158e0   _DSK6713_AIC23_write
00015960   _DSK6713_DIP_init
00015968   _DSK6713_DIP_get
000159e0   __args_main
00015a20   _MCBSP_read
00015a40   _MCBSP_rrdy
00015a60   __nop
00015a80   C$$EXIT
00015a80   _abort
00015aa0   __IRQ_hookFetchPacket
00015ac0   ___etext__
00015ac0   __stack
00015ac0   etext
00015ec0   __STACK_END
00015ec0   ___cinit__
00015ec0   cinit
000161f0   $bss
000161f0   .bss
000161f0   ___bss__
000161f0   _a_val_in
000161f4   _r_val_out
000161f6   _l_val_out
000161f8   _ptr
000161fc   _wave_count
00016200   _wave_del
00016204   _mcbspControlHandle
00016208   _mcbspDataHandle
0001620c   _codec
00016210   ___end__
00016210   end
ffffffff   ___TI_pprof_out_hndl
ffffffff   ___TI_prof_data_size
ffffffff   ___TI_prof_data_start
ffffffff   ___binit__
ffffffff   ___c_args__
ffffffff   ___pinit__
ffffffff   binit
ffffffff   pinit

[99 symbols]
