******************************************************************************
               TMS320C6x Linker PC v7.0.3                      
******************************************************************************
>> Linked Tue Oct 11 15:22:58 2011

OUTPUT FILE NAME:   <test_aud.out>
ENTRY POINT SYMBOL: "_c_int00"  address: 00000f60


MEMORY CONFIGURATION

         name            origin    length      used     unused   attr    fill
----------------------  --------  ---------  --------  --------  ----  --------
  RAM                   00000001   fffffffe  0000156c  ffffea92  RWIX


SECTION ALLOCATION MAP

 output                                  attributes/
section   page    origin      length       input sections
--------  ----  ----------  ----------   ----------------
.pinit     0    00000004    00000000     UNINITIALIZED

.switch    0    00000004    00000018     
                  00000004    00000018     test.obj (.switch:_wave)

.data      0    00000008    00000000     UNINITIALIZED

.bss       0    00000008    00000000     UNINITIALIZED

.text      0    00000020    000010c0     
                  00000020    00000480     dsk6713bsl.lib : dsk6713.obj (.text)
                  000004a0    000003c0     test.obj (.text)
                  00000860    00000240     rts6700.lib : memcpy62.obj (.text:_memcpy)
                  00000aa0    000001a0     dsk6713bsl.lib : dsk6713_led.obj (.text)
                  00000c40    00000120     rts6700.lib : autoinit.obj (.text:__auto_init)
                  00000d60    00000120                 : exit.obj (.text:_exit)
                  00000e80    000000e0                 : strasg.obj (.text:__strasg)
                  00000f60    00000080                 : boot.obj (.text:_c_int00)
                  00000fe0    00000080     dsk6713bsl.lib : dsk6713_dip.obj (.text)
                  00001060    00000040     rts6700.lib : args_main.obj (.text:__args_main)
                  000010a0    00000020                 : _lock.obj (.text:__nop)
                  000010c0    00000020                 : exit.obj (.text:_abort)

.stack     0    000010e0    00000400     UNINITIALIZED
                  000010e0    00000008     rts6700.lib : boot.obj (.stack)
                  000010e8    000003f8     --HOLE--

.cinit     0    000014e0    00000054     
                  000014e0    0000002c     rts6700.lib : exit.obj (.cinit)
                  0000150c    00000004     --HOLE-- [fill = 0]
                  00001510    0000001c                 : _lock.obj (.cinit)
                  0000152c    00000004     --HOLE-- [fill = 0]
                  00001530    00000004     (.pad.cinit) [fill = 0]

.const     0    00001538    00000020     
                  00001538    00000020     dsk6713bsl.lib : dsk6713.obj (.const)

.far       0    00001558    00000020     UNINITIALIZED
                  00001558    0000000c     rts6700.lib : exit.obj (.far)
                  00001564    00000008     codec.obj (.far)
                  0000156c    00000008     rts6700.lib : _lock.obj (.far)
                  00001574    00000002     dsk6713bsl.lib : dsk6713.obj (.far)
                  00001576    00000002                    : dsk6713_led.obj (.far)


GLOBAL SYMBOLS: SORTED ALPHABETICALLY BY Name 

address    name
--------   ----
00000008   $bss
00000008   .bss
00000008   .data
00000020   .text
000010c0   C$$EXIT
00000fe8   _DSK6713_DIP_get
00000fe0   _DSK6713_DIP_init
00000aa0   _DSK6713_LED_init
00000ac8   _DSK6713_LED_off
00000b24   _DSK6713_LED_on
00000b80   _DSK6713_LED_toggle
00000434   _DSK6713_getVersion
0000006c   _DSK6713_init
00000388   _DSK6713_rget
0000039c   _DSK6713_rset
00001574   _DSK6713_version
000003b0   _DSK6713_wait
00000408   _DSK6713_waitusec
000014e0   __STACK_END
00000400   __STACK_SIZE
00000001   __TI_args_main
00001560   ___TI_enable_exit_profile_output
ffffffff   ___TI_pprof_out_hndl
ffffffff   ___TI_prof_data_size
ffffffff   ___TI_prof_data_start
ffffffff   ___binit__
00000008   ___bss__
ffffffff   ___c_args__
000014e0   ___cinit__
00000008   ___data__
00000008   ___edata__
00000008   ___end__
000010e0   ___etext__
ffffffff   ___pinit__
00000020   ___text__
00001060   __args_main
00000c40   __auto_init
00001558   __cleanup_ptr
0000155c   __dtors_ptr
0000156c   __lock
000010a0   __nop
000010e0   __stack
00000e80   __strasg
00001570   __unlock
000010c0   _abort
00000f60   _c_int00
00001564   _data_in
00001568   _data_out
00000d60   _exit
000004a0   _main
00000860   _memcpy
000004f4   _wave
ffffffff   binit
000014e0   cinit
00000008   edata
00000008   end
000010e0   etext
ffffffff   pinit


GLOBAL SYMBOLS: SORTED BY Symbol Address 

address    name
--------   ----
00000001   __TI_args_main
00000008   $bss
00000008   .bss
00000008   .data
00000008   ___bss__
00000008   ___data__
00000008   ___edata__
00000008   ___end__
00000008   edata
00000008   end
00000020   .text
00000020   ___text__
0000006c   _DSK6713_init
00000388   _DSK6713_rget
0000039c   _DSK6713_rset
000003b0   _DSK6713_wait
00000400   __STACK_SIZE
00000408   _DSK6713_waitusec
00000434   _DSK6713_getVersion
000004a0   _main
000004f4   _wave
00000860   _memcpy
00000aa0   _DSK6713_LED_init
00000ac8   _DSK6713_LED_off
00000b24   _DSK6713_LED_on
00000b80   _DSK6713_LED_toggle
00000c40   __auto_init
00000d60   _exit
00000e80   __strasg
00000f60   _c_int00
00000fe0   _DSK6713_DIP_init
00000fe8   _DSK6713_DIP_get
00001060   __args_main
000010a0   __nop
000010c0   C$$EXIT
000010c0   _abort
000010e0   ___etext__
000010e0   __stack
000010e0   etext
000014e0   __STACK_END
000014e0   ___cinit__
000014e0   cinit
00001558   __cleanup_ptr
0000155c   __dtors_ptr
00001560   ___TI_enable_exit_profile_output
00001564   _data_in
00001568   _data_out
0000156c   __lock
00001570   __unlock
00001574   _DSK6713_version
ffffffff   ___TI_pprof_out_hndl
ffffffff   ___TI_prof_data_size
ffffffff   ___TI_prof_data_start
ffffffff   ___binit__
ffffffff   ___c_args__
ffffffff   ___pinit__
ffffffff   binit
ffffffff   pinit

[58 symbols]
