******************************************************************************
               TMS320C6x Linker PC v7.0.3                      
******************************************************************************
>> Linked Wed May 02 04:18:52 2012

OUTPUT FILE NAME:   <test_aud.out>
ENTRY POINT SYMBOL: "_c_int00"  address: 0002ab80


MEMORY CONFIGURATION

         name            origin    length      used     unused   attr    fill
----------------------  --------  ---------  --------  --------  ----  --------
  RAM                   00000001   fffffffe  0002b540  fffd4abe  RWIX


SECTION ALLOCATION MAP

 output                                  attributes/
section   page    origin      length       input sections
--------  ----  ----------  ----------   ----------------
.pinit     0    00000004    00000000     UNINITIALIZED

.data      0    00000008    00000000     UNINITIALIZED

.far       0    00000008    00027fc8     UNINITIALIZED
                  00000008    00027188     test.obj (.far)
                  00027190    00000c88     sigproc.obj (.far)
                  00027e18    000000f4     csl6713.lib : csl_irq.obj (.far)
                  00027f0c    00000068     codec.obj (.far)
                  00027f74    00000038     csl6713.lib : csl_mcbsp.obj (.far)
                  00027fac    0000000c     rts6700.lib : exit.obj (.far)
                  00027fb8    00000008                 : _lock.obj (.far)
                  00027fc0    00000008                 : divd.obj (.far)
                  00027fc8    00000004                 : errno.obj (.far)
                  00027fcc    00000002     dsk6713bsl.lib : dsk6713.obj (.far)
                  00027fce    00000002                    : dsk6713_led.obj (.far)

.text      0    00027fe0    00002e60     
                  00027fe0    00000760     rts6700.lib : divd.obj (.text:__divd)
                  00028740    00000620     test.obj (.text)
                  00028d60    00000560     codec.obj (.text)
                  000292c0    00000480     dsk6713bsl.lib : dsk6713.obj (.text)
                  00029740    00000320     rts6700.lib : frcmpyd_div.obj (.text:__frcmpyd_div)
                  00029a60    000002a0     lms.obj (.text)
                  00029d00    00000240     rts6700.lib : memcpy62.obj (.text:_memcpy)
                  00029f40    000001e0     ring.obj (.text)
                  0002a120    000001a0     csl6713.lib : csl_mcbsp.obj (.text:_MCBSP_reset)
                  0002a2c0    000001a0     dsk6713bsl.lib : dsk6713_led.obj (.text)
                  0002a460    00000120     rts6700.lib : autoinit.obj (.text:__auto_init)
                  0002a580    00000120                 : exit.obj (.text:_exit)
                  0002a6a0    00000100     csl6713.lib : csl_mcbsp.obj (.text:_MCBSP_open)
                  0002a7a0    00000100                 : csl_mcbsp.obj (.text:_MCBSP_start)
                  0002a8a0    000000e0     rts6700.lib : strasg.obj (.text:__strasg)
                  0002a980    000000c0                 : modf.obj (.text:_modf)
                  0002aa40    000000a0     csl6713.lib : csl_mcbsp.obj (.text:_MCBSP_config)
                  0002aae0    000000a0     rts6700.lib : mpyll.obj (.text:__mpyll)
                  0002ab80    00000080                 : boot.obj (.text:_c_int00)
                  0002ac00    00000080     dsk6713bsl.lib : dsk6713_dip.obj (.text)
                  0002ac80    00000060     rts6700.lib : floor.obj (.text:_floor)
                  0002ace0    00000040                 : divd.obj (.text:___isnan)
                  0002ad20    00000040                 : args_main.obj (.text:__args_main)
                  0002ad60    00000020     csl6713.lib : csl_mcbsp.obj (.text:_MCBSP_read)
                  0002ad80    00000020                 : csl_mcbsp.obj (.text:_MCBSP_rrdy)
                  0002ada0    00000020                 : csl_mcbsp.obj (.text:_MCBSP_write)
                  0002adc0    00000020                 : csl_mcbsp.obj (.text:_MCBSP_xrdy)
                  0002ade0    00000020     rts6700.lib : _lock.obj (.text:__nop)
                  0002ae00    00000020                 : exit.obj (.text:_abort)
                  0002ae20    00000020     csl6713.lib : csl_irq.obj (.text)

.stack     0    0002ae40    00000400     UNINITIALIZED
                  0002ae40    00000008     rts6700.lib : boot.obj (.stack)
                  0002ae48    000003f8     --HOLE--

.cinit     0    0002b240    0000029c     
                  0002b240    0000012c     csl6713.lib : csl_irq.obj (.cinit)
                  0002b36c    00000004     --HOLE-- [fill = 0]
                  0002b370    00000080     codec.obj (.cinit)
                  0002b3f0    00000054     csl6713.lib : csl_mcbsp.obj (.cinit)
                  0002b444    00000004     --HOLE-- [fill = 0]
                  0002b448    0000002c     rts6700.lib : exit.obj (.cinit)
                  0002b474    00000004     --HOLE-- [fill = 0]
                  0002b478    0000001c                 : _lock.obj (.cinit)
                  0002b494    00000004     --HOLE-- [fill = 0]
                  0002b498    0000001a     test.obj (.cinit)
                  0002b4b2    00000006     --HOLE-- [fill = 0]
                  0002b4b8    00000010     rts6700.lib : divd.obj (.cinit)
                  0002b4c8    0000000c                 : errno.obj (.cinit)
                  0002b4d4    00000004     --HOLE-- [fill = 0]
                  0002b4d8    00000004     (.pad.cinit) [fill = 0]

.bss       0    0002b4e0    00000044     UNINITIALIZED
                  0002b4e0    00000026     test.obj (.bss)
                  0002b506    00000002     --HOLE--
                  0002b508    00000010     sigproc.obj (.bss)
                  0002b518    0000000c     codec.obj (.bss)

.const     0    0002b528    00000020     
                  0002b528    00000020     dsk6713bsl.lib : dsk6713.obj (.const)

.switch    0    0002b548    00000018     
                  0002b548    00000018     test.obj (.switch:_wave)


GLOBAL SYMBOLS: SORTED ALPHABETICALLY BY Name 

address    name
--------   ----
0002b4e0   $bss
0002b4e0   .bss
00000008   .data
00027fe0   .text
0002ae00   C$$EXIT
0002ac08   _DSK6713_DIP_get
0002ac00   _DSK6713_DIP_init
0002a2c0   _DSK6713_LED_init
0002a2e8   _DSK6713_LED_off
0002a344   _DSK6713_LED_on
0002a3a0   _DSK6713_LED_toggle
000296d4   _DSK6713_getVersion
0002930c   _DSK6713_init
00029628   _DSK6713_rget
0002963c   _DSK6713_rset
00027fcc   _DSK6713_version
00029650   _DSK6713_wait
000296a8   _DSK6713_waitusec
0002aa40   _MCBSP_config
0002a6a0   _MCBSP_open
0002ad60   _MCBSP_read
0002a120   _MCBSP_reset
0002ad80   _MCBSP_rrdy
0002a7a0   _MCBSP_start
0002ada0   _MCBSP_write
0002adc0   _MCBSP_xrdy
00027f04   __IRQ_dispatchTable
00027e40   __IRQ_eventTable
0002ae20   __IRQ_hookFetchPacket
00027ec4   __IRQ_intTable
00027fa4   __MCBSP_hDev0
00027fa8   __MCBSP_hDev1
0002b240   __STACK_END
00000400   __STACK_SIZE
00000001   __TI_args_main
00027fb4   ___TI_enable_exit_profile_output
ffffffff   ___TI_pprof_out_hndl
ffffffff   ___TI_prof_data_size
ffffffff   ___TI_prof_data_start
ffffffff   ___binit__
0002b4e0   ___bss__
ffffffff   ___c_args__
0002b240   ___cinit__
00000008   ___data__
00000008   ___edata__
0002b524   ___end__
0002ae40   ___etext__
ffffffff   ___pinit__
00027fe0   ___text__
0002ad20   __args_main
0002a460   __auto_init
00027fac   __cleanup_ptr
00027fe0   __divd
00027fb0   __dtors_ptr
00029740   __frcmpyd_div
00027fb8   __lock
0002aae0   __mpyll
0002ade0   __nop
0002ae40   __stack
0002a8a0   __strasg
00027fbc   __unlock
0002ae00   _abort
00027f0c   _aic23_config
00029adc   _apply_tap
0002ab80   _c_int00
00027190   _cc
0002b508   _ccmeansum1
0002b510   _ccmeansum2
0002b520   _codec
00028efc   _codecSetup
0002921c   _codec_config
00029054   _codec_reg_set
00029148   _codec_reset
00029fc0   _dec_ring
00027fc8   _errno
0002a580   _exit
0002ac80   _floor
00028f20   _getData
00029f40   _inc_ring
0002a040   _init_ring
0002a0f4   _init_ring_ptr
00029a60   _init_taps
00000008   _lbufin
00013888   _lbufout
00027128   _lmstaps
0002b4f0   _lptrcpyi
0002b4f8   _lptrcpyo
0002b4e0   _lptrin
0002b4e8   _lptrout
00027108   _lringin
00027118   _lringout
00028740   _main
0002b518   _mcbspControlHandle
0002b51c   _mcbspDataHandle
00028d60   _mcbspSetup
00027f54   _mcbsp_control_config
00027f34   _mcbsp_data_config
00029d00   _memcpy
0002a980   _modf
00009c48   _rbufin
0001d4c8   _rbufout
0002b4f4   _rptrcpyi
0002b4fc   _rptrcpyo
0002b4e4   _rptrin
0002b4ec   _rptrout
00027110   _rringin
00027120   _rringout
00028fb0   _sendData
00028814   _test
00028a70   _wave
0002b500   _wave_count
0002b504   _wave_del
ffffffff   binit
0002b240   cinit
00000008   edata
0002b524   end
0002ae40   etext
ffffffff   pinit


GLOBAL SYMBOLS: SORTED BY Symbol Address 

address    name
--------   ----
00000001   __TI_args_main
00000008   .data
00000008   ___data__
00000008   ___edata__
00000008   _lbufin
00000008   edata
00000400   __STACK_SIZE
00009c48   _rbufin
00013888   _lbufout
0001d4c8   _rbufout
00027108   _lringin
00027110   _rringin
00027118   _lringout
00027120   _rringout
00027128   _lmstaps
00027190   _cc
00027e40   __IRQ_eventTable
00027ec4   __IRQ_intTable
00027f04   __IRQ_dispatchTable
00027f0c   _aic23_config
00027f34   _mcbsp_data_config
00027f54   _mcbsp_control_config
00027fa4   __MCBSP_hDev0
00027fa8   __MCBSP_hDev1
00027fac   __cleanup_ptr
00027fb0   __dtors_ptr
00027fb4   ___TI_enable_exit_profile_output
00027fb8   __lock
00027fbc   __unlock
00027fc8   _errno
00027fcc   _DSK6713_version
00027fe0   .text
00027fe0   ___text__
00027fe0   __divd
00028740   _main
00028814   _test
00028a70   _wave
00028d60   _mcbspSetup
00028efc   _codecSetup
00028f20   _getData
00028fb0   _sendData
00029054   _codec_reg_set
00029148   _codec_reset
0002921c   _codec_config
0002930c   _DSK6713_init
00029628   _DSK6713_rget
0002963c   _DSK6713_rset
00029650   _DSK6713_wait
000296a8   _DSK6713_waitusec
000296d4   _DSK6713_getVersion
00029740   __frcmpyd_div
00029a60   _init_taps
00029adc   _apply_tap
00029d00   _memcpy
00029f40   _inc_ring
00029fc0   _dec_ring
0002a040   _init_ring
0002a0f4   _init_ring_ptr
0002a120   _MCBSP_reset
0002a2c0   _DSK6713_LED_init
0002a2e8   _DSK6713_LED_off
0002a344   _DSK6713_LED_on
0002a3a0   _DSK6713_LED_toggle
0002a460   __auto_init
0002a580   _exit
0002a6a0   _MCBSP_open
0002a7a0   _MCBSP_start
0002a8a0   __strasg
0002a980   _modf
0002aa40   _MCBSP_config
0002aae0   __mpyll
0002ab80   _c_int00
0002ac00   _DSK6713_DIP_init
0002ac08   _DSK6713_DIP_get
0002ac80   _floor
0002ad20   __args_main
0002ad60   _MCBSP_read
0002ad80   _MCBSP_rrdy
0002ada0   _MCBSP_write
0002adc0   _MCBSP_xrdy
0002ade0   __nop
0002ae00   C$$EXIT
0002ae00   _abort
0002ae20   __IRQ_hookFetchPacket
0002ae40   ___etext__
0002ae40   __stack
0002ae40   etext
0002b240   __STACK_END
0002b240   ___cinit__
0002b240   cinit
0002b4e0   $bss
0002b4e0   .bss
0002b4e0   ___bss__
0002b4e0   _lptrin
0002b4e4   _rptrin
0002b4e8   _lptrout
0002b4ec   _rptrout
0002b4f0   _lptrcpyi
0002b4f4   _rptrcpyi
0002b4f8   _lptrcpyo
0002b4fc   _rptrcpyo
0002b500   _wave_count
0002b504   _wave_del
0002b508   _ccmeansum1
0002b510   _ccmeansum2
0002b518   _mcbspControlHandle
0002b51c   _mcbspDataHandle
0002b520   _codec
0002b524   ___end__
0002b524   end
ffffffff   ___TI_pprof_out_hndl
ffffffff   ___TI_prof_data_size
ffffffff   ___TI_prof_data_start
ffffffff   ___binit__
ffffffff   ___c_args__
ffffffff   ___pinit__
ffffffff   binit
ffffffff   pinit

[118 symbols]
