******************************************************************************
               TMS320C6x Linker PC v7.0.3                      
******************************************************************************
>> Linked Thu Dec 01 23:00:13 2011

OUTPUT FILE NAME:   <test_aud.out>
ENTRY POINT SYMBOL: "_c_int00"  address: 00003800


MEMORY CONFIGURATION

         name            origin    length      used     unused   attr    fill
----------------------  --------  ---------  --------  --------  ----  --------
  RAM                   00000001   fffffffe  000045f8  ffffba06  RWIX


SECTION ALLOCATION MAP

 output                                  attributes/
section   page    origin      length       input sections
--------  ----  ----------  ----------   ----------------
.pinit     0    00000004    00000000     UNINITIALIZED

.switch    0    00000004    00000018     
                  00000004    00000018     test.obj (.switch:_wave)

.data      0    00000008    00000000     UNINITIALIZED

.text      0    00000020    00003a40     
                  00000020    00000860     sigproc.obj (.text)
                  00000880    00000860     test.obj (.text)
                  000010e0    00000760     rts6700.lib : divd.obj (.text:__divd)
                  00001840    00000560     codec.obj (.text)
                  00001da0    00000480     dsk6713bsl.lib : dsk6713.obj (.text)
                  00002220    00000320     rts6700.lib : frcmpyd_div.obj (.text:__frcmpyd_div)
                  00002540    00000240                 : memcpy62.obj (.text:_memcpy)
                  00002780    00000240                 : sqrt.obj (.text:_sqrt)
                  000029c0    000001e0     ring.obj (.text)
                  00002ba0    000001a0     csl6713.lib : csl_mcbsp.obj (.text:_MCBSP_reset)
                  00002d40    000001a0     dsk6713bsl.lib : dsk6713_led.obj (.text)
                  00002ee0    00000180     rts6700.lib : ldexp.obj (.text:_ldexp)
                  00003060    00000140                 : frexp.obj (.text:_frexp)
                  000031a0    00000120                 : autoinit.obj (.text:__auto_init)
                  000032c0    00000120                 : exit.obj (.text:_exit)
                  000033e0    00000100     csl6713.lib : csl_mcbsp.obj (.text:_MCBSP_open)
                  000034e0    00000100                 : csl_mcbsp.obj (.text:_MCBSP_start)
                  000035e0    000000e0     rts6700.lib : strasg.obj (.text:__strasg)
                  000036c0    000000a0     csl6713.lib : csl_mcbsp.obj (.text:_MCBSP_config)
                  00003760    000000a0     rts6700.lib : mpyll.obj (.text:__mpyll)
                  00003800    00000080                 : boot.obj (.text:_c_int00)
                  00003880    00000080     dsk6713bsl.lib : dsk6713_dip.obj (.text)
                  00003900    00000040     rts6700.lib : divd.obj (.text:___isnan)
                  00003940    00000040                 : args_main.obj (.text:__args_main)
                  00003980    00000020     csl6713.lib : csl_mcbsp.obj (.text:_MCBSP_read)
                  000039a0    00000020                 : csl_mcbsp.obj (.text:_MCBSP_rrdy)
                  000039c0    00000020                 : csl_mcbsp.obj (.text:_MCBSP_write)
                  000039e0    00000020                 : csl_mcbsp.obj (.text:_MCBSP_xrdy)
                  00003a00    00000020     rts6700.lib : _lock.obj (.text:__nop)
                  00003a20    00000020                 : exit.obj (.text:_abort)
                  00003a40    00000020     csl6713.lib : csl_irq.obj (.text)

.far       0    00003a60    000004b0     UNINITIALIZED
                  00003a60    000001b0     test.obj (.far)
                  00003c10    00000148     sigproc.obj (.far)
                  00003d58    000000f4     csl6713.lib : csl_irq.obj (.far)
                  00003e4c    00000068     codec.obj (.far)
                  00003eb4    00000038     csl6713.lib : csl_mcbsp.obj (.far)
                  00003eec    0000000c     rts6700.lib : exit.obj (.far)
                  00003ef8    00000008                 : _lock.obj (.far)
                  00003f00    00000008                 : divd.obj (.far)
                  00003f08    00000004                 : errno.obj (.far)
                  00003f0c    00000002     dsk6713bsl.lib : dsk6713.obj (.far)
                  00003f0e    00000002                    : dsk6713_led.obj (.far)

.stack     0    00003f10    00000400     UNINITIALIZED
                  00003f10    00000008     rts6700.lib : boot.obj (.stack)
                  00003f18    000003f8     --HOLE--

.cinit     0    00004310    0000029c     
                  00004310    0000012c     csl6713.lib : csl_irq.obj (.cinit)
                  0000443c    00000004     --HOLE-- [fill = 0]
                  00004440    00000080     codec.obj (.cinit)
                  000044c0    00000054     csl6713.lib : csl_mcbsp.obj (.cinit)
                  00004514    00000004     --HOLE-- [fill = 0]
                  00004518    0000002c     rts6700.lib : exit.obj (.cinit)
                  00004544    00000004     --HOLE-- [fill = 0]
                  00004548    0000001c                 : _lock.obj (.cinit)
                  00004564    00000004     --HOLE-- [fill = 0]
                  00004568    0000001a     test.obj (.cinit)
                  00004582    00000006     --HOLE-- [fill = 0]
                  00004588    00000010     rts6700.lib : divd.obj (.cinit)
                  00004598    0000000c                 : errno.obj (.cinit)
                  000045a4    00000004     --HOLE-- [fill = 0]
                  000045a8    00000004     (.pad.cinit) [fill = 0]

.bss       0    000045b0    00000034     UNINITIALIZED
                  000045b0    00000026     test.obj (.bss)
                  000045d6    00000002     --HOLE--
                  000045d8    0000000c     codec.obj (.bss)

.const     0    000045e8    00000020     
                  000045e8    00000020     dsk6713bsl.lib : dsk6713.obj (.const)


GLOBAL SYMBOLS: SORTED ALPHABETICALLY BY Name 

address    name
--------   ----
000045b0   $bss
000045b0   .bss
00000008   .data
00000020   .text
00003a20   C$$EXIT
00003888   _DSK6713_DIP_get
00003880   _DSK6713_DIP_init
00002d40   _DSK6713_LED_init
00002d68   _DSK6713_LED_off
00002dc4   _DSK6713_LED_on
00002e20   _DSK6713_LED_toggle
000021b4   _DSK6713_getVersion
00001dec   _DSK6713_init
00002108   _DSK6713_rget
0000211c   _DSK6713_rset
00003f0c   _DSK6713_version
00002130   _DSK6713_wait
00002188   _DSK6713_waitusec
000036c0   _MCBSP_config
000033e0   _MCBSP_open
00003980   _MCBSP_read
00002ba0   _MCBSP_reset
000039a0   _MCBSP_rrdy
000034e0   _MCBSP_start
000039c0   _MCBSP_write
000039e0   _MCBSP_xrdy
00003e44   __IRQ_dispatchTable
00003d80   __IRQ_eventTable
00003a40   __IRQ_hookFetchPacket
00003e04   __IRQ_intTable
00003ee4   __MCBSP_hDev0
00003ee8   __MCBSP_hDev1
00004310   __STACK_END
00000400   __STACK_SIZE
00000001   __TI_args_main
00003ef4   ___TI_enable_exit_profile_output
ffffffff   ___TI_pprof_out_hndl
ffffffff   ___TI_prof_data_size
ffffffff   ___TI_prof_data_start
ffffffff   ___binit__
000045b0   ___bss__
ffffffff   ___c_args__
00004310   ___cinit__
00000008   ___data__
00000008   ___edata__
000045e4   ___end__
00003a60   ___etext__
ffffffff   ___pinit__
00000020   ___text__
00003940   __args_main
000031a0   __auto_init
00003eec   __cleanup_ptr
000010e0   __divd
00003ef0   __dtors_ptr
00002220   __frcmpyd_div
00003ef8   __lock
00003760   __mpyll
00003a00   __nop
00003f10   __stack
000035e0   __strasg
00003efc   __unlock
00003a20   _abort
00003e4c   _aic23_config
00003800   _c_int00
00000020   _cancel
00003c10   _cc
000045e0   _codec
000019dc   _codecSetup
00001cfc   _codec_config
00001b34   _codec_reg_set
00001c28   _codec_reset
000002b8   _crosscorr
00002a40   _dec_ring
00000698   _dpeak
00003f08   _errno
000032c0   _exit
00003060   _frexp
00001a00   _getData
000029c0   _inc_ring
00002ac0   _init_ring
00002b74   _init_ring_ptr
00003a60   _lbufin
00003b28   _lbufout
00002ee0   _ldexp
000045c0   _lptrcpyi
000045c8   _lptrcpyo
000045b0   _lptrin
000045b8   _lptrout
00003bf0   _lringin
00003c00   _lringout
00000880   _main
000045d8   _mcbspControlHandle
000045dc   _mcbspDataHandle
00001840   _mcbspSetup
00003e94   _mcbsp_control_config
00003e74   _mcbsp_data_config
00000788   _mean
00002540   _memcpy
00003ac4   _rbufin
00003b8c   _rbufout
000045c4   _rptrcpyi
000045cc   _rptrcpyo
000045b4   _rptrin
000045bc   _rptrout
00003bf8   _rringin
00003c08   _rringout
00001a90   _sendData
00002780   _sqrt
00000af8   _test
00000df0   _wave
000045d0   _wave_count
000045d4   _wave_del
ffffffff   binit
00004310   cinit
00000008   edata
000045e4   end
00003a60   etext
ffffffff   pinit


GLOBAL SYMBOLS: SORTED BY Symbol Address 

address    name
--------   ----
00000001   __TI_args_main
00000008   .data
00000008   ___data__
00000008   ___edata__
00000008   edata
00000020   .text
00000020   ___text__
00000020   _cancel
000002b8   _crosscorr
00000400   __STACK_SIZE
00000698   _dpeak
00000788   _mean
00000880   _main
00000af8   _test
00000df0   _wave
000010e0   __divd
00001840   _mcbspSetup
000019dc   _codecSetup
00001a00   _getData
00001a90   _sendData
00001b34   _codec_reg_set
00001c28   _codec_reset
00001cfc   _codec_config
00001dec   _DSK6713_init
00002108   _DSK6713_rget
0000211c   _DSK6713_rset
00002130   _DSK6713_wait
00002188   _DSK6713_waitusec
000021b4   _DSK6713_getVersion
00002220   __frcmpyd_div
00002540   _memcpy
00002780   _sqrt
000029c0   _inc_ring
00002a40   _dec_ring
00002ac0   _init_ring
00002b74   _init_ring_ptr
00002ba0   _MCBSP_reset
00002d40   _DSK6713_LED_init
00002d68   _DSK6713_LED_off
00002dc4   _DSK6713_LED_on
00002e20   _DSK6713_LED_toggle
00002ee0   _ldexp
00003060   _frexp
000031a0   __auto_init
000032c0   _exit
000033e0   _MCBSP_open
000034e0   _MCBSP_start
000035e0   __strasg
000036c0   _MCBSP_config
00003760   __mpyll
00003800   _c_int00
00003880   _DSK6713_DIP_init
00003888   _DSK6713_DIP_get
00003940   __args_main
00003980   _MCBSP_read
000039a0   _MCBSP_rrdy
000039c0   _MCBSP_write
000039e0   _MCBSP_xrdy
00003a00   __nop
00003a20   C$$EXIT
00003a20   _abort
00003a40   __IRQ_hookFetchPacket
00003a60   ___etext__
00003a60   _lbufin
00003a60   etext
00003ac4   _rbufin
00003b28   _lbufout
00003b8c   _rbufout
00003bf0   _lringin
00003bf8   _rringin
00003c00   _lringout
00003c08   _rringout
00003c10   _cc
00003d80   __IRQ_eventTable
00003e04   __IRQ_intTable
00003e44   __IRQ_dispatchTable
00003e4c   _aic23_config
00003e74   _mcbsp_data_config
00003e94   _mcbsp_control_config
00003ee4   __MCBSP_hDev0
00003ee8   __MCBSP_hDev1
00003eec   __cleanup_ptr
00003ef0   __dtors_ptr
00003ef4   ___TI_enable_exit_profile_output
00003ef8   __lock
00003efc   __unlock
00003f08   _errno
00003f0c   _DSK6713_version
00003f10   __stack
00004310   __STACK_END
00004310   ___cinit__
00004310   cinit
000045b0   $bss
000045b0   .bss
000045b0   ___bss__
000045b0   _lptrin
000045b4   _rptrin
000045b8   _lptrout
000045bc   _rptrout
000045c0   _lptrcpyi
000045c4   _rptrcpyi
000045c8   _lptrcpyo
000045cc   _rptrcpyo
000045d0   _wave_count
000045d4   _wave_del
000045d8   _mcbspControlHandle
000045dc   _mcbspDataHandle
000045e0   _codec
000045e4   ___end__
000045e4   end
ffffffff   ___TI_pprof_out_hndl
ffffffff   ___TI_prof_data_size
ffffffff   ___TI_prof_data_start
ffffffff   ___binit__
ffffffff   ___c_args__
ffffffff   ___pinit__
ffffffff   binit
ffffffff   pinit

[118 symbols]
