******************************************************************************
               TMS320C6x Linker PC v7.0.3                      
******************************************************************************
>> Linked Wed Nov 30 22:08:23 2011

OUTPUT FILE NAME:   <test_aud.out>
ENTRY POINT SYMBOL: "_c_int00"  address: 0000e2a0


MEMORY CONFIGURATION

         name            origin    length      used     unused   attr    fill
----------------------  --------  ---------  --------  --------  ----  --------
  RAM                   00000001   fffffffe  0000ebe8  ffff1416  RWIX


SECTION ALLOCATION MAP

 output                                  attributes/
section   page    origin      length       input sections
--------  ----  ----------  ----------   ----------------
.pinit     0    00000004    00000000     UNINITIALIZED

.data      0    00000008    00000000     UNINITIALIZED

.far       0    00000008    0000aaa0     UNINITIALIZED
                  00000008    00009c60     test.obj (.far)
                  00009c68    00000c88     sigproc.obj (.far)
                  0000a8f0    000000f4     csl6713.lib : csl_irq.obj (.far)
                  0000a9e4    00000068     codec.obj (.far)
                  0000aa4c    00000038     csl6713.lib : csl_mcbsp.obj (.far)
                  0000aa84    0000000c     rts6700.lib : exit.obj (.far)
                  0000aa90    00000008                 : _lock.obj (.far)
                  0000aa98    00000008                 : divd.obj (.far)
                  0000aaa0    00000004                 : errno.obj (.far)
                  0000aaa4    00000002     dsk6713bsl.lib : dsk6713.obj (.far)
                  0000aaa6    00000002                    : dsk6713_led.obj (.far)

.switch    0    0000aaa8    00000018     
                  0000aaa8    00000018     test.obj (.switch:_wave)

.text      0    0000aac0    00003a40     
                  0000aac0    00000860     sigproc.obj (.text)
                  0000b320    00000860     test.obj (.text)
                  0000bb80    00000760     rts6700.lib : divd.obj (.text:__divd)
                  0000c2e0    00000560     codec.obj (.text)
                  0000c840    00000480     dsk6713bsl.lib : dsk6713.obj (.text)
                  0000ccc0    00000320     rts6700.lib : frcmpyd_div.obj (.text:__frcmpyd_div)
                  0000cfe0    00000240                 : memcpy62.obj (.text:_memcpy)
                  0000d220    00000240                 : sqrt.obj (.text:_sqrt)
                  0000d460    000001e0     ring.obj (.text)
                  0000d640    000001a0     csl6713.lib : csl_mcbsp.obj (.text:_MCBSP_reset)
                  0000d7e0    000001a0     dsk6713bsl.lib : dsk6713_led.obj (.text)
                  0000d980    00000180     rts6700.lib : ldexp.obj (.text:_ldexp)
                  0000db00    00000140                 : frexp.obj (.text:_frexp)
                  0000dc40    00000120                 : autoinit.obj (.text:__auto_init)
                  0000dd60    00000120                 : exit.obj (.text:_exit)
                  0000de80    00000100     csl6713.lib : csl_mcbsp.obj (.text:_MCBSP_open)
                  0000df80    00000100                 : csl_mcbsp.obj (.text:_MCBSP_start)
                  0000e080    000000e0     rts6700.lib : strasg.obj (.text:__strasg)
                  0000e160    000000a0     csl6713.lib : csl_mcbsp.obj (.text:_MCBSP_config)
                  0000e200    000000a0     rts6700.lib : mpyll.obj (.text:__mpyll)
                  0000e2a0    00000080                 : boot.obj (.text:_c_int00)
                  0000e320    00000080     dsk6713bsl.lib : dsk6713_dip.obj (.text)
                  0000e3a0    00000040     rts6700.lib : divd.obj (.text:___isnan)
                  0000e3e0    00000040                 : args_main.obj (.text:__args_main)
                  0000e420    00000020     csl6713.lib : csl_mcbsp.obj (.text:_MCBSP_read)
                  0000e440    00000020                 : csl_mcbsp.obj (.text:_MCBSP_rrdy)
                  0000e460    00000020                 : csl_mcbsp.obj (.text:_MCBSP_write)
                  0000e480    00000020                 : csl_mcbsp.obj (.text:_MCBSP_xrdy)
                  0000e4a0    00000020     rts6700.lib : _lock.obj (.text:__nop)
                  0000e4c0    00000020                 : exit.obj (.text:_abort)
                  0000e4e0    00000020     csl6713.lib : csl_irq.obj (.text)

.stack     0    0000e500    00000400     UNINITIALIZED
                  0000e500    00000008     rts6700.lib : boot.obj (.stack)
                  0000e508    000003f8     --HOLE--

.cinit     0    0000e900    0000029c     
                  0000e900    0000012c     csl6713.lib : csl_irq.obj (.cinit)
                  0000ea2c    00000004     --HOLE-- [fill = 0]
                  0000ea30    00000080     codec.obj (.cinit)
                  0000eab0    00000054     csl6713.lib : csl_mcbsp.obj (.cinit)
                  0000eb04    00000004     --HOLE-- [fill = 0]
                  0000eb08    0000002c     rts6700.lib : exit.obj (.cinit)
                  0000eb34    00000004     --HOLE-- [fill = 0]
                  0000eb38    0000001c                 : _lock.obj (.cinit)
                  0000eb54    00000004     --HOLE-- [fill = 0]
                  0000eb58    0000001a     test.obj (.cinit)
                  0000eb72    00000006     --HOLE-- [fill = 0]
                  0000eb78    00000010     rts6700.lib : divd.obj (.cinit)
                  0000eb88    0000000c                 : errno.obj (.cinit)
                  0000eb94    00000004     --HOLE-- [fill = 0]
                  0000eb98    00000004     (.pad.cinit) [fill = 0]

.bss       0    0000eba0    00000034     UNINITIALIZED
                  0000eba0    00000026     test.obj (.bss)
                  0000ebc6    00000002     --HOLE--
                  0000ebc8    0000000c     codec.obj (.bss)

.const     0    0000ebd8    00000020     
                  0000ebd8    00000020     dsk6713bsl.lib : dsk6713.obj (.const)


GLOBAL SYMBOLS: SORTED ALPHABETICALLY BY Name 

address    name
--------   ----
0000eba0   $bss
0000eba0   .bss
00000008   .data
0000aac0   .text
0000e4c0   C$$EXIT
0000e328   _DSK6713_DIP_get
0000e320   _DSK6713_DIP_init
0000d7e0   _DSK6713_LED_init
0000d808   _DSK6713_LED_off
0000d864   _DSK6713_LED_on
0000d8c0   _DSK6713_LED_toggle
0000cc54   _DSK6713_getVersion
0000c88c   _DSK6713_init
0000cba8   _DSK6713_rget
0000cbbc   _DSK6713_rset
0000aaa4   _DSK6713_version
0000cbd0   _DSK6713_wait
0000cc28   _DSK6713_waitusec
0000e160   _MCBSP_config
0000de80   _MCBSP_open
0000e420   _MCBSP_read
0000d640   _MCBSP_reset
0000e440   _MCBSP_rrdy
0000df80   _MCBSP_start
0000e460   _MCBSP_write
0000e480   _MCBSP_xrdy
0000a9dc   __IRQ_dispatchTable
0000a918   __IRQ_eventTable
0000e4e0   __IRQ_hookFetchPacket
0000a99c   __IRQ_intTable
0000aa7c   __MCBSP_hDev0
0000aa80   __MCBSP_hDev1
0000e900   __STACK_END
00000400   __STACK_SIZE
00000001   __TI_args_main
0000aa8c   ___TI_enable_exit_profile_output
ffffffff   ___TI_pprof_out_hndl
ffffffff   ___TI_prof_data_size
ffffffff   ___TI_prof_data_start
ffffffff   ___binit__
0000eba0   ___bss__
ffffffff   ___c_args__
0000e900   ___cinit__
00000008   ___data__
00000008   ___edata__
0000ebd4   ___end__
0000e500   ___etext__
ffffffff   ___pinit__
0000aac0   ___text__
0000e3e0   __args_main
0000dc40   __auto_init
0000aa84   __cleanup_ptr
0000bb80   __divd
0000aa88   __dtors_ptr
0000ccc0   __frcmpyd_div
0000aa90   __lock
0000e200   __mpyll
0000e4a0   __nop
0000e500   __stack
0000e080   __strasg
0000aa94   __unlock
0000e4c0   _abort
0000a9e4   _aic23_config
0000e2a0   _c_int00
0000aac0   _cancel
00009c68   _cc
0000ebd0   _codec
0000c47c   _codecSetup
0000c79c   _codec_config
0000c5d4   _codec_reg_set
0000c6c8   _codec_reset
0000ad58   _crosscorr
0000d4e0   _dec_ring
0000b138   _dpeak
0000aaa0   _errno
0000dd60   _exit
0000db00   _frexp
0000c4a0   _getData
0000d460   _inc_ring
0000d560   _init_ring
0000d614   _init_ring_ptr
00000008   _lbufin
00004e28   _lbufout
0000d980   _ldexp
0000ebb0   _lptrcpyi
0000ebb8   _lptrcpyo
0000eba0   _lptrin
0000eba8   _lptrout
00009c48   _lringin
00009c58   _lringout
0000b320   _main
0000ebc8   _mcbspControlHandle
0000ebcc   _mcbspDataHandle
0000c2e0   _mcbspSetup
0000aa2c   _mcbsp_control_config
0000aa0c   _mcbsp_data_config
0000b228   _mean
0000cfe0   _memcpy
00002718   _rbufin
00007538   _rbufout
0000ebb4   _rptrcpyi
0000ebbc   _rptrcpyo
0000eba4   _rptrin
0000ebac   _rptrout
00009c50   _rringin
00009c60   _rringout
0000c530   _sendData
0000d220   _sqrt
0000b598   _test
0000b890   _wave
0000ebc0   _wave_count
0000ebc4   _wave_del
ffffffff   binit
0000e900   cinit
00000008   edata
0000ebd4   end
0000e500   etext
ffffffff   pinit


GLOBAL SYMBOLS: SORTED BY Symbol Address 

address    name
--------   ----
00000001   __TI_args_main
00000008   .data
00000008   ___data__
00000008   ___edata__
00000008   _lbufin
00000008   edata
00000400   __STACK_SIZE
00002718   _rbufin
00004e28   _lbufout
00007538   _rbufout
00009c48   _lringin
00009c50   _rringin
00009c58   _lringout
00009c60   _rringout
00009c68   _cc
0000a918   __IRQ_eventTable
0000a99c   __IRQ_intTable
0000a9dc   __IRQ_dispatchTable
0000a9e4   _aic23_config
0000aa0c   _mcbsp_data_config
0000aa2c   _mcbsp_control_config
0000aa7c   __MCBSP_hDev0
0000aa80   __MCBSP_hDev1
0000aa84   __cleanup_ptr
0000aa88   __dtors_ptr
0000aa8c   ___TI_enable_exit_profile_output
0000aa90   __lock
0000aa94   __unlock
0000aaa0   _errno
0000aaa4   _DSK6713_version
0000aac0   .text
0000aac0   ___text__
0000aac0   _cancel
0000ad58   _crosscorr
0000b138   _dpeak
0000b228   _mean
0000b320   _main
0000b598   _test
0000b890   _wave
0000bb80   __divd
0000c2e0   _mcbspSetup
0000c47c   _codecSetup
0000c4a0   _getData
0000c530   _sendData
0000c5d4   _codec_reg_set
0000c6c8   _codec_reset
0000c79c   _codec_config
0000c88c   _DSK6713_init
0000cba8   _DSK6713_rget
0000cbbc   _DSK6713_rset
0000cbd0   _DSK6713_wait
0000cc28   _DSK6713_waitusec
0000cc54   _DSK6713_getVersion
0000ccc0   __frcmpyd_div
0000cfe0   _memcpy
0000d220   _sqrt
0000d460   _inc_ring
0000d4e0   _dec_ring
0000d560   _init_ring
0000d614   _init_ring_ptr
0000d640   _MCBSP_reset
0000d7e0   _DSK6713_LED_init
0000d808   _DSK6713_LED_off
0000d864   _DSK6713_LED_on
0000d8c0   _DSK6713_LED_toggle
0000d980   _ldexp
0000db00   _frexp
0000dc40   __auto_init
0000dd60   _exit
0000de80   _MCBSP_open
0000df80   _MCBSP_start
0000e080   __strasg
0000e160   _MCBSP_config
0000e200   __mpyll
0000e2a0   _c_int00
0000e320   _DSK6713_DIP_init
0000e328   _DSK6713_DIP_get
0000e3e0   __args_main
0000e420   _MCBSP_read
0000e440   _MCBSP_rrdy
0000e460   _MCBSP_write
0000e480   _MCBSP_xrdy
0000e4a0   __nop
0000e4c0   C$$EXIT
0000e4c0   _abort
0000e4e0   __IRQ_hookFetchPacket
0000e500   ___etext__
0000e500   __stack
0000e500   etext
0000e900   __STACK_END
0000e900   ___cinit__
0000e900   cinit
0000eba0   $bss
0000eba0   .bss
0000eba0   ___bss__
0000eba0   _lptrin
0000eba4   _rptrin
0000eba8   _lptrout
0000ebac   _rptrout
0000ebb0   _lptrcpyi
0000ebb4   _rptrcpyi
0000ebb8   _lptrcpyo
0000ebbc   _rptrcpyo
0000ebc0   _wave_count
0000ebc4   _wave_del
0000ebc8   _mcbspControlHandle
0000ebcc   _mcbspDataHandle
0000ebd0   _codec
0000ebd4   ___end__
0000ebd4   end
ffffffff   ___TI_pprof_out_hndl
ffffffff   ___TI_prof_data_size
ffffffff   ___TI_prof_data_start
ffffffff   ___binit__
ffffffff   ___c_args__
ffffffff   ___pinit__
ffffffff   binit
ffffffff   pinit

[118 symbols]
