******************************************************************************
               TMS320C6x Linker PC v7.0.3                      
******************************************************************************
>> Linked Sun Nov 27 15:57:38 2011

OUTPUT FILE NAME:   <test_aud.out>
ENTRY POINT SYMBOL: "_c_int00"  address: 0000d720


MEMORY CONFIGURATION

         name            origin    length      used     unused   attr    fill
----------------------  --------  ---------  --------  --------  ----  --------
  RAM                   00000001   fffffffe  0000e080  ffff1f7e  RWIX


SECTION ALLOCATION MAP

 output                                  attributes/
section   page    origin      length       input sections
--------  ----  ----------  ----------   ----------------
.pinit     0    00000004    00000000     UNINITIALIZED

.data      0    00000008    00000000     UNINITIALIZED

.far       0    00000008    00009e18     UNINITIALIZED
                  00000008    00009c60     test.obj (.far)
                  00009c68    000000f4     csl6713.lib : csl_irq.obj (.far)
                  00009d5c    00000068     codec.obj (.far)
                  00009dc4    00000038     csl6713.lib : csl_mcbsp.obj (.far)
                  00009dfc    0000000c     rts6700.lib : exit.obj (.far)
                  00009e08    00000008                 : _lock.obj (.far)
                  00009e10    00000008                 : divd.obj (.far)
                  00009e18    00000004                 : errno.obj (.far)
                  00009e1c    00000002     dsk6713bsl.lib : dsk6713.obj (.far)
                  00009e1e    00000002                    : dsk6713_led.obj (.far)

.text      0    00009e20    00003b60     
                  00009e20    00000940     sigproc.obj (.text)
                  0000a760    000008a0     test.obj (.text)
                  0000b000    00000760     rts6700.lib : divd.obj (.text:__divd)
                  0000b760    00000560     codec.obj (.text)
                  0000bcc0    00000480     dsk6713bsl.lib : dsk6713.obj (.text)
                  0000c140    00000320     rts6700.lib : frcmpyd_div.obj (.text:__frcmpyd_div)
                  0000c460    00000240                 : memcpy62.obj (.text:_memcpy)
                  0000c6a0    00000240                 : sqrt.obj (.text:_sqrt)
                  0000c8e0    000001e0     ring.obj (.text)
                  0000cac0    000001a0     csl6713.lib : csl_mcbsp.obj (.text:_MCBSP_reset)
                  0000cc60    000001a0     dsk6713bsl.lib : dsk6713_led.obj (.text)
                  0000ce00    00000180     rts6700.lib : ldexp.obj (.text:_ldexp)
                  0000cf80    00000140                 : frexp.obj (.text:_frexp)
                  0000d0c0    00000120                 : autoinit.obj (.text:__auto_init)
                  0000d1e0    00000120                 : exit.obj (.text:_exit)
                  0000d300    00000100     csl6713.lib : csl_mcbsp.obj (.text:_MCBSP_open)
                  0000d400    00000100                 : csl_mcbsp.obj (.text:_MCBSP_start)
                  0000d500    000000e0     rts6700.lib : strasg.obj (.text:__strasg)
                  0000d5e0    000000a0     csl6713.lib : csl_mcbsp.obj (.text:_MCBSP_config)
                  0000d680    000000a0     rts6700.lib : mpyll.obj (.text:__mpyll)
                  0000d720    00000080                 : boot.obj (.text:_c_int00)
                  0000d7a0    00000080     dsk6713bsl.lib : dsk6713_dip.obj (.text)
                  0000d820    00000040     rts6700.lib : divd.obj (.text:___isnan)
                  0000d860    00000040                 : args_main.obj (.text:__args_main)
                  0000d8a0    00000020     csl6713.lib : csl_mcbsp.obj (.text:_MCBSP_read)
                  0000d8c0    00000020                 : csl_mcbsp.obj (.text:_MCBSP_rrdy)
                  0000d8e0    00000020                 : csl_mcbsp.obj (.text:_MCBSP_write)
                  0000d900    00000020                 : csl_mcbsp.obj (.text:_MCBSP_xrdy)
                  0000d920    00000020     rts6700.lib : _lock.obj (.text:__nop)
                  0000d940    00000020                 : exit.obj (.text:_abort)
                  0000d960    00000020     csl6713.lib : csl_irq.obj (.text)

.stack     0    0000d980    00000400     UNINITIALIZED
                  0000d980    00000008     rts6700.lib : boot.obj (.stack)
                  0000d988    000003f8     --HOLE--

.cinit     0    0000dd80    0000029c     
                  0000dd80    0000012c     csl6713.lib : csl_irq.obj (.cinit)
                  0000deac    00000004     --HOLE-- [fill = 0]
                  0000deb0    00000080     codec.obj (.cinit)
                  0000df30    00000054     csl6713.lib : csl_mcbsp.obj (.cinit)
                  0000df84    00000004     --HOLE-- [fill = 0]
                  0000df88    0000002c     rts6700.lib : exit.obj (.cinit)
                  0000dfb4    00000004     --HOLE-- [fill = 0]
                  0000dfb8    0000001c                 : _lock.obj (.cinit)
                  0000dfd4    00000004     --HOLE-- [fill = 0]
                  0000dfd8    0000001a     test.obj (.cinit)
                  0000dff2    00000006     --HOLE-- [fill = 0]
                  0000dff8    00000010     rts6700.lib : divd.obj (.cinit)
                  0000e008    0000000c                 : errno.obj (.cinit)
                  0000e014    00000004     --HOLE-- [fill = 0]
                  0000e018    00000004     (.pad.cinit) [fill = 0]

.bss       0    0000e020    00000034     UNINITIALIZED
                  0000e020    00000026     test.obj (.bss)
                  0000e046    00000002     --HOLE--
                  0000e048    0000000c     codec.obj (.bss)

.const     0    0000e058    00000020     
                  0000e058    00000020     dsk6713bsl.lib : dsk6713.obj (.const)

.switch    0    0000e078    00000018     
                  0000e078    00000018     test.obj (.switch:_wave)


GLOBAL SYMBOLS: SORTED ALPHABETICALLY BY Name 

address    name
--------   ----
0000e020   $bss
0000e020   .bss
00000008   .data
00009e20   .text
0000d940   C$$EXIT
0000d7a8   _DSK6713_DIP_get
0000d7a0   _DSK6713_DIP_init
0000cc60   _DSK6713_LED_init
0000cc88   _DSK6713_LED_off
0000cce4   _DSK6713_LED_on
0000cd40   _DSK6713_LED_toggle
0000c0d4   _DSK6713_getVersion
0000bd0c   _DSK6713_init
0000c028   _DSK6713_rget
0000c03c   _DSK6713_rset
00009e1c   _DSK6713_version
0000c050   _DSK6713_wait
0000c0a8   _DSK6713_waitusec
0000d5e0   _MCBSP_config
0000d300   _MCBSP_open
0000d8a0   _MCBSP_read
0000cac0   _MCBSP_reset
0000d8c0   _MCBSP_rrdy
0000d400   _MCBSP_start
0000d8e0   _MCBSP_write
0000d900   _MCBSP_xrdy
00009d54   __IRQ_dispatchTable
00009c90   __IRQ_eventTable
0000d960   __IRQ_hookFetchPacket
00009d14   __IRQ_intTable
00009df4   __MCBSP_hDev0
00009df8   __MCBSP_hDev1
0000dd80   __STACK_END
00000400   __STACK_SIZE
00000001   __TI_args_main
00009e04   ___TI_enable_exit_profile_output
ffffffff   ___TI_pprof_out_hndl
ffffffff   ___TI_prof_data_size
ffffffff   ___TI_prof_data_start
ffffffff   ___binit__
0000e020   ___bss__
ffffffff   ___c_args__
0000dd80   ___cinit__
00000008   ___data__
00000008   ___edata__
0000e054   ___end__
0000d980   ___etext__
ffffffff   ___pinit__
00009e20   ___text__
0000d860   __args_main
0000d0c0   __auto_init
00009dfc   __cleanup_ptr
0000b000   __divd
00009e00   __dtors_ptr
0000c140   __frcmpyd_div
00009e08   __lock
0000d680   __mpyll
0000d920   __nop
0000d980   __stack
0000d500   __strasg
00009e0c   __unlock
0000d940   _abort
00009d5c   _aic23_config
0000d720   _c_int00
00009e20   _cancel
0000e050   _codec
0000b8fc   _codecSetup
0000bc1c   _codec_config
0000ba54   _codec_reg_set
0000bb48   _codec_reset
0000a010   _crosscorr
0000c960   _dec_ring
0000a560   _dpeak
00009e18   _errno
0000d1e0   _exit
0000cf80   _frexp
0000b920   _getData
0000c8e0   _inc_ring
0000c9e0   _init_ring
0000ca94   _init_ring_ptr
00000008   _lbufin
00004e28   _lbufout
0000ce00   _ldexp
0000e030   _lptrcpyi
0000e038   _lptrcpyo
0000e020   _lptrin
0000e028   _lptrout
00009c48   _lringin
00009c58   _lringout
0000a760   _main
0000e048   _mcbspControlHandle
0000e04c   _mcbspDataHandle
0000b760   _mcbspSetup
00009da4   _mcbsp_control_config
00009d84   _mcbsp_data_config
0000a650   _mean
0000c460   _memcpy
00002718   _rbufin
00007538   _rbufout
0000e034   _rptrcpyi
0000e03c   _rptrcpyo
0000e024   _rptrin
0000e02c   _rptrout
00009c50   _rringin
00009c60   _rringout
0000b9b0   _sendData
0000c6a0   _sqrt
0000a9d8   _test
0000ad10   _wave
0000e040   _wave_count
0000e044   _wave_del
ffffffff   binit
0000dd80   cinit
00000008   edata
0000e054   end
0000d980   etext
ffffffff   pinit


GLOBAL SYMBOLS: SORTED BY Symbol Address 

address    name
--------   ----
00000001   __TI_args_main
00000008   .data
00000008   ___data__
00000008   ___edata__
00000008   _lbufin
00000008   edata
00000400   __STACK_SIZE
00002718   _rbufin
00004e28   _lbufout
00007538   _rbufout
00009c48   _lringin
00009c50   _rringin
00009c58   _lringout
00009c60   _rringout
00009c90   __IRQ_eventTable
00009d14   __IRQ_intTable
00009d54   __IRQ_dispatchTable
00009d5c   _aic23_config
00009d84   _mcbsp_data_config
00009da4   _mcbsp_control_config
00009df4   __MCBSP_hDev0
00009df8   __MCBSP_hDev1
00009dfc   __cleanup_ptr
00009e00   __dtors_ptr
00009e04   ___TI_enable_exit_profile_output
00009e08   __lock
00009e0c   __unlock
00009e18   _errno
00009e1c   _DSK6713_version
00009e20   .text
00009e20   ___text__
00009e20   _cancel
0000a010   _crosscorr
0000a560   _dpeak
0000a650   _mean
0000a760   _main
0000a9d8   _test
0000ad10   _wave
0000b000   __divd
0000b760   _mcbspSetup
0000b8fc   _codecSetup
0000b920   _getData
0000b9b0   _sendData
0000ba54   _codec_reg_set
0000bb48   _codec_reset
0000bc1c   _codec_config
0000bd0c   _DSK6713_init
0000c028   _DSK6713_rget
0000c03c   _DSK6713_rset
0000c050   _DSK6713_wait
0000c0a8   _DSK6713_waitusec
0000c0d4   _DSK6713_getVersion
0000c140   __frcmpyd_div
0000c460   _memcpy
0000c6a0   _sqrt
0000c8e0   _inc_ring
0000c960   _dec_ring
0000c9e0   _init_ring
0000ca94   _init_ring_ptr
0000cac0   _MCBSP_reset
0000cc60   _DSK6713_LED_init
0000cc88   _DSK6713_LED_off
0000cce4   _DSK6713_LED_on
0000cd40   _DSK6713_LED_toggle
0000ce00   _ldexp
0000cf80   _frexp
0000d0c0   __auto_init
0000d1e0   _exit
0000d300   _MCBSP_open
0000d400   _MCBSP_start
0000d500   __strasg
0000d5e0   _MCBSP_config
0000d680   __mpyll
0000d720   _c_int00
0000d7a0   _DSK6713_DIP_init
0000d7a8   _DSK6713_DIP_get
0000d860   __args_main
0000d8a0   _MCBSP_read
0000d8c0   _MCBSP_rrdy
0000d8e0   _MCBSP_write
0000d900   _MCBSP_xrdy
0000d920   __nop
0000d940   C$$EXIT
0000d940   _abort
0000d960   __IRQ_hookFetchPacket
0000d980   ___etext__
0000d980   __stack
0000d980   etext
0000dd80   __STACK_END
0000dd80   ___cinit__
0000dd80   cinit
0000e020   $bss
0000e020   .bss
0000e020   ___bss__
0000e020   _lptrin
0000e024   _rptrin
0000e028   _lptrout
0000e02c   _rptrout
0000e030   _lptrcpyi
0000e034   _rptrcpyi
0000e038   _lptrcpyo
0000e03c   _rptrcpyo
0000e040   _wave_count
0000e044   _wave_del
0000e048   _mcbspControlHandle
0000e04c   _mcbspDataHandle
0000e050   _codec
0000e054   ___end__
0000e054   end
ffffffff   ___TI_pprof_out_hndl
ffffffff   ___TI_prof_data_size
ffffffff   ___TI_prof_data_start
ffffffff   ___binit__
ffffffff   ___c_args__
ffffffff   ___pinit__
ffffffff   binit
ffffffff   pinit

[117 symbols]
