******************************************************************************
               TMS320C6x Linker PC v7.0.3                      
******************************************************************************
>> Linked Tue Oct 11 00:35:12 2011

OUTPUT FILE NAME:   <test_aud.out>
ENTRY POINT SYMBOL: "_c_int00"  address: 00001160


MEMORY CONFIGURATION

         name            origin    length      used     unused   attr    fill
----------------------  --------  ---------  --------  --------  ----  --------
  RAM                   00000001   fffffffe  0000176c  ffffe892  RWIX


SECTION ALLOCATION MAP

 output                                  attributes/
section   page    origin      length       input sections
--------  ----  ----------  ----------   ----------------
.pinit     0    00000004    00000000     UNINITIALIZED

.switch    0    00000004    00000018     
                  00000004    00000018     ring.obj (.switch:_wave)

.data      0    00000008    00000000     UNINITIALIZED

.bss       0    00000008    00000000     UNINITIALIZED

.text      0    00000020    000012c0     
                  00000020    000005c0     ring.obj (.text)
                  000005e0    00000480     dsk6713bsl.lib : dsk6713.obj (.text)
                  00000a60    00000240     rts6700.lib : memcpy62.obj (.text:_memcpy)
                  00000ca0    000001a0     dsk6713bsl.lib : dsk6713_led.obj (.text)
                  00000e40    00000120     rts6700.lib : autoinit.obj (.text:__auto_init)
                  00000f60    00000120                 : exit.obj (.text:_exit)
                  00001080    000000e0                 : strasg.obj (.text:__strasg)
                  00001160    00000080                 : boot.obj (.text:_c_int00)
                  000011e0    00000080     dsk6713bsl.lib : dsk6713_dip.obj (.text)
                  00001260    00000040     rts6700.lib : args_main.obj (.text:__args_main)
                  000012a0    00000020                 : _lock.obj (.text:__nop)
                  000012c0    00000020                 : exit.obj (.text:_abort)

.stack     0    000012e0    00000400     UNINITIALIZED
                  000012e0    00000008     rts6700.lib : boot.obj (.stack)
                  000012e8    000003f8     --HOLE--

.cinit     0    000016e0    00000054     
                  000016e0    0000002c     rts6700.lib : exit.obj (.cinit)
                  0000170c    00000004     --HOLE-- [fill = 0]
                  00001710    0000001c                 : _lock.obj (.cinit)
                  0000172c    00000004     --HOLE-- [fill = 0]
                  00001730    00000004     (.pad.cinit) [fill = 0]

.const     0    00001738    00000020     
                  00001738    00000020     dsk6713bsl.lib : dsk6713.obj (.const)

.far       0    00001758    00000020     UNINITIALIZED
                  00001758    0000000c     rts6700.lib : exit.obj (.far)
                  00001764    00000008     codec.obj (.far)
                  0000176c    00000008     rts6700.lib : _lock.obj (.far)
                  00001774    00000002     dsk6713bsl.lib : dsk6713.obj (.far)
                  00001776    00000002                    : dsk6713_led.obj (.far)


GLOBAL SYMBOLS: SORTED ALPHABETICALLY BY Name 

address    name
--------   ----
00000008   $bss
00000008   .bss
00000008   .data
00000020   .text
000012c0   C$$EXIT
000011e8   _DSK6713_DIP_get
000011e0   _DSK6713_DIP_init
00000ca0   _DSK6713_LED_init
00000cc8   _DSK6713_LED_off
00000d24   _DSK6713_LED_on
00000d80   _DSK6713_LED_toggle
000009f4   _DSK6713_getVersion
0000062c   _DSK6713_init
00000948   _DSK6713_rget
0000095c   _DSK6713_rset
00001774   _DSK6713_version
00000970   _DSK6713_wait
000009c8   _DSK6713_waitusec
000016e0   __STACK_END
00000400   __STACK_SIZE
00000001   __TI_args_main
00001760   ___TI_enable_exit_profile_output
ffffffff   ___TI_pprof_out_hndl
ffffffff   ___TI_prof_data_size
ffffffff   ___TI_prof_data_start
ffffffff   ___binit__
00000008   ___bss__
ffffffff   ___c_args__
000016e0   ___cinit__
00000008   ___data__
00000008   ___edata__
00000008   ___end__
000012e0   ___etext__
ffffffff   ___pinit__
00000020   ___text__
00001260   __args_main
00000e40   __auto_init
00001758   __cleanup_ptr
0000175c   __dtors_ptr
0000176c   __lock
000012a0   __nop
000012e0   __stack
00001080   __strasg
00001770   __unlock
000012c0   _abort
00001160   _c_int00
00001764   _data_in
00001768   _data_out
00000170   _dec_ring
00000f60   _exit
0000010c   _inc_ring
000001d4   _init_ring
00000020   _main
00000a60   _memcpy
00000274   _wave
ffffffff   binit
000016e0   cinit
00000008   edata
00000008   end
000012e0   etext
ffffffff   pinit


GLOBAL SYMBOLS: SORTED BY Symbol Address 

address    name
--------   ----
00000001   __TI_args_main
00000008   $bss
00000008   .bss
00000008   .data
00000008   ___bss__
00000008   ___data__
00000008   ___edata__
00000008   ___end__
00000008   edata
00000008   end
00000020   .text
00000020   ___text__
00000020   _main
0000010c   _inc_ring
00000170   _dec_ring
000001d4   _init_ring
00000274   _wave
00000400   __STACK_SIZE
0000062c   _DSK6713_init
00000948   _DSK6713_rget
0000095c   _DSK6713_rset
00000970   _DSK6713_wait
000009c8   _DSK6713_waitusec
000009f4   _DSK6713_getVersion
00000a60   _memcpy
00000ca0   _DSK6713_LED_init
00000cc8   _DSK6713_LED_off
00000d24   _DSK6713_LED_on
00000d80   _DSK6713_LED_toggle
00000e40   __auto_init
00000f60   _exit
00001080   __strasg
00001160   _c_int00
000011e0   _DSK6713_DIP_init
000011e8   _DSK6713_DIP_get
00001260   __args_main
000012a0   __nop
000012c0   C$$EXIT
000012c0   _abort
000012e0   ___etext__
000012e0   __stack
000012e0   etext
000016e0   __STACK_END
000016e0   ___cinit__
000016e0   cinit
00001758   __cleanup_ptr
0000175c   __dtors_ptr
00001760   ___TI_enable_exit_profile_output
00001764   _data_in
00001768   _data_out
0000176c   __lock
00001770   __unlock
00001774   _DSK6713_version
ffffffff   ___TI_pprof_out_hndl
ffffffff   ___TI_prof_data_size
ffffffff   ___TI_prof_data_start
ffffffff   ___binit__
ffffffff   ___c_args__
ffffffff   ___pinit__
ffffffff   binit
ffffffff   pinit

[61 symbols]
