******************************************************************************
               TMS320C6x Linker PC v7.0.3                      
******************************************************************************
>> Linked Sat Oct 08 17:27:40 2011

OUTPUT FILE NAME:   <test_aud.out>
ENTRY POINT SYMBOL: "_c_int00"  address: 00001180


MEMORY CONFIGURATION

         name            origin    length      used     unused   attr    fill
----------------------  --------  ---------  --------  --------  ----  --------
  RAM                   00000001   fffffffe  00001784  ffffe87a  RWIX


SECTION ALLOCATION MAP

 output                                  attributes/
section   page    origin      length       input sections
--------  ----  ----------  ----------   ----------------
.pinit     0    00000004    00000000     UNINITIALIZED

.data      0    00000008    00000000     UNINITIALIZED

.bss       0    00000008    00000000     UNINITIALIZED

.far       0    00000008    00000018     UNINITIALIZED
                  00000008    0000000c     rts6700.lib : exit.obj (.far)
                  00000014    00000008                 : _lock.obj (.far)
                  0000001c    00000002     dsk6713bsl.lib : dsk6713.obj (.far)
                  0000001e    00000002                    : dsk6713_led.obj (.far)

.text      0    00000020    000012e0     
                  00000020    000005e0     ring.obj (.text)
                  00000600    00000480     dsk6713bsl.lib : dsk6713.obj (.text)
                  00000a80    00000240     rts6700.lib : memcpy62.obj (.text:_memcpy)
                  00000cc0    000001a0     dsk6713bsl.lib : dsk6713_led.obj (.text)
                  00000e60    00000120     rts6700.lib : autoinit.obj (.text:__auto_init)
                  00000f80    00000120                 : exit.obj (.text:_exit)
                  000010a0    000000e0                 : strasg.obj (.text:__strasg)
                  00001180    00000080                 : boot.obj (.text:_c_int00)
                  00001200    00000080     dsk6713bsl.lib : dsk6713_dip.obj (.text)
                  00001280    00000040     rts6700.lib : args_main.obj (.text:__args_main)
                  000012c0    00000020                 : _lock.obj (.text:__nop)
                  000012e0    00000020                 : exit.obj (.text:_abort)

.stack     0    00001300    00000400     UNINITIALIZED
                  00001300    00000008     rts6700.lib : boot.obj (.stack)
                  00001308    000003f8     --HOLE--

.cinit     0    00001700    00000054     
                  00001700    0000002c     rts6700.lib : exit.obj (.cinit)
                  0000172c    00000004     --HOLE-- [fill = 0]
                  00001730    0000001c                 : _lock.obj (.cinit)
                  0000174c    00000004     --HOLE-- [fill = 0]
                  00001750    00000004     (.pad.cinit) [fill = 0]

.const     0    00001758    00000020     
                  00001758    00000020     dsk6713bsl.lib : dsk6713.obj (.const)

.switch    0    00001778    00000018     
                  00001778    00000018     ring.obj (.switch:_wave)


GLOBAL SYMBOLS: SORTED ALPHABETICALLY BY Name 

address    name
--------   ----
00000008   $bss
00000008   .bss
00000008   .data
00000020   .text
000012e0   C$$EXIT
00001208   _DSK6713_DIP_get
00001200   _DSK6713_DIP_init
00000cc0   _DSK6713_LED_init
00000ce8   _DSK6713_LED_off
00000d44   _DSK6713_LED_on
00000da0   _DSK6713_LED_toggle
00000a14   _DSK6713_getVersion
0000064c   _DSK6713_init
00000968   _DSK6713_rget
0000097c   _DSK6713_rset
0000001c   _DSK6713_version
00000990   _DSK6713_wait
000009e8   _DSK6713_waitusec
00001700   __STACK_END
00000400   __STACK_SIZE
00000001   __TI_args_main
00000010   ___TI_enable_exit_profile_output
ffffffff   ___TI_pprof_out_hndl
ffffffff   ___TI_prof_data_size
ffffffff   ___TI_prof_data_start
ffffffff   ___binit__
00000008   ___bss__
ffffffff   ___c_args__
00001700   ___cinit__
00000008   ___data__
00000008   ___edata__
00000008   ___end__
00001300   ___etext__
ffffffff   ___pinit__
00000020   ___text__
00001280   __args_main
00000e60   __auto_init
00000008   __cleanup_ptr
0000000c   __dtors_ptr
00000014   __lock
000012c0   __nop
00001300   __stack
000010a0   __strasg
00000018   __unlock
000012e0   _abort
00001180   _c_int00
00000198   _dec_ring
00000f80   _exit
00000134   _inc_ring
000001fc   _init_ring
00000020   _main
00000a80   _memcpy
00000298   _wave
ffffffff   binit
00001700   cinit
00000008   edata
00000008   end
00001300   etext
ffffffff   pinit


GLOBAL SYMBOLS: SORTED BY Symbol Address 

address    name
--------   ----
00000001   __TI_args_main
00000008   $bss
00000008   .bss
00000008   .data
00000008   ___bss__
00000008   ___data__
00000008   ___edata__
00000008   ___end__
00000008   __cleanup_ptr
00000008   edata
00000008   end
0000000c   __dtors_ptr
00000010   ___TI_enable_exit_profile_output
00000014   __lock
00000018   __unlock
0000001c   _DSK6713_version
00000020   .text
00000020   ___text__
00000020   _main
00000134   _inc_ring
00000198   _dec_ring
000001fc   _init_ring
00000298   _wave
00000400   __STACK_SIZE
0000064c   _DSK6713_init
00000968   _DSK6713_rget
0000097c   _DSK6713_rset
00000990   _DSK6713_wait
000009e8   _DSK6713_waitusec
00000a14   _DSK6713_getVersion
00000a80   _memcpy
00000cc0   _DSK6713_LED_init
00000ce8   _DSK6713_LED_off
00000d44   _DSK6713_LED_on
00000da0   _DSK6713_LED_toggle
00000e60   __auto_init
00000f80   _exit
000010a0   __strasg
00001180   _c_int00
00001200   _DSK6713_DIP_init
00001208   _DSK6713_DIP_get
00001280   __args_main
000012c0   __nop
000012e0   C$$EXIT
000012e0   _abort
00001300   ___etext__
00001300   __stack
00001300   etext
00001700   __STACK_END
00001700   ___cinit__
00001700   cinit
ffffffff   ___TI_pprof_out_hndl
ffffffff   ___TI_prof_data_size
ffffffff   ___TI_prof_data_start
ffffffff   ___binit__
ffffffff   ___c_args__
ffffffff   ___pinit__
ffffffff   binit
ffffffff   pinit

[59 symbols]
