******************************************************************************
               TMS320C6x Linker PC v7.0.3                      
******************************************************************************
>> Linked Sat Nov 12 14:58:05 2011

OUTPUT FILE NAME:   <test_aud.out>
ENTRY POINT SYMBOL: "_c_int00"  address: 00015800


MEMORY CONFIGURATION

         name            origin    length      used     unused   attr    fill
----------------------  --------  ---------  --------  --------  ----  --------
  RAM                   00000001   fffffffe  000161e8  fffe9e16  RWIX


SECTION ALLOCATION MAP

 output                                  attributes/
section   page    origin      length       input sections
--------  ----  ----------  ----------   ----------------
.pinit     0    00000004    00000000     UNINITIALIZED

.data      0    00000008    00000000     UNINITIALIZED

.far       0    00000008    00013a64     UNINITIALIZED
                  00000008    00013888     test.obj (.far)
                  00013890    000000f4     csl6713.lib : csl_irq.obj (.far)
                  00013984    00000068     codec.obj (.far)
                  000139ec    00000038     csl6713.lib : csl_mcbsp.obj (.far)
                  00013a24    00000028     dsk6713bsl.lib : dsk6713_aic23_registers.obj (.far)
                  00013a4c    0000000c     rts6700.lib : exit.obj (.far)
                  00013a58    00000008     dsk6713bsl.lib : dsk6713_aic23_opencodec.obj (.far)
                  00013a60    00000008     rts6700.lib : _lock.obj (.far)
                  00013a68    00000002     dsk6713bsl.lib : dsk6713.obj (.far)
                  00013a6a    00000002                    : dsk6713_led.obj (.far)

.text      0    00013a80    00002040     
                  00013a80    000004c0     test.obj (.text)
                  00013f40    00000480     dsk6713bsl.lib : dsk6713.obj (.text)
                  000143c0    00000320                    : dsk6713_aic23_opencodec.obj (.text)
                  000146e0    000002a0     codec.obj (.text)
                  00014980    00000240     rts6700.lib : memcpy62.obj (.text:_memcpy)
                  00014bc0    000001e0     ring.obj (.text)
                  00014da0    000001a0     csl6713.lib : csl_mcbsp.obj (.text:_MCBSP_reset)
                  00014f40    000001a0     dsk6713bsl.lib : dsk6713_led.obj (.text)
                  000150e0    00000160                    : dsk6713_aic23_registers.obj (.text)
                  00015240    00000120     rts6700.lib : autoinit.obj (.text:__auto_init)
                  00015360    00000120                 : exit.obj (.text:_exit)
                  00015480    00000100     csl6713.lib : csl_mcbsp.obj (.text:_MCBSP_open)
                  00015580    00000100                 : csl_mcbsp.obj (.text:_MCBSP_start)
                  00015680    000000e0     rts6700.lib : strasg.obj (.text:__strasg)
                  00015760    000000a0     csl6713.lib : csl_mcbsp.obj (.text:_MCBSP_config)
                  00015800    00000080     rts6700.lib : boot.obj (.text:_c_int00)
                  00015880    00000080     dsk6713bsl.lib : dsk6713_aic23_write.obj (.text)
                  00015900    00000080                    : dsk6713_dip.obj (.text)
                  00015980    00000060                    : dsk6713_aic23_read.obj (.text)
                  000159e0    00000040     rts6700.lib : args_main.obj (.text:__args_main)
                  00015a20    00000020     csl6713.lib : csl_mcbsp.obj (.text:_MCBSP_read)
                  00015a40    00000020                 : csl_mcbsp.obj (.text:_MCBSP_rrdy)
                  00015a60    00000020     rts6700.lib : _lock.obj (.text:__nop)
                  00015a80    00000020                 : exit.obj (.text:_abort)
                  00015aa0    00000020     csl6713.lib : csl_irq.obj (.text)

.stack     0    00015ac0    00000400     UNINITIALIZED
                  00015ac0    00000008     rts6700.lib : boot.obj (.stack)
                  00015ac8    000003f8     --HOLE--

.cinit     0    00015ec0    000002ac     
                  00015ec0    0000012c     csl6713.lib : csl_irq.obj (.cinit)
                  00015fec    00000004     --HOLE-- [fill = 0]
                  00015ff0    00000080     codec.obj (.cinit)
                  00016070    00000054     csl6713.lib : csl_mcbsp.obj (.cinit)
                  000160c4    00000004     --HOLE-- [fill = 0]
                  000160c8    00000030     dsk6713bsl.lib : dsk6713_aic23_registers.obj (.cinit)
                  000160f8    0000002c     rts6700.lib : exit.obj (.cinit)
                  00016124    00000004     --HOLE-- [fill = 0]
                  00016128    0000001c                 : _lock.obj (.cinit)
                  00016144    00000004     --HOLE-- [fill = 0]
                  00016148    0000001a     test.obj (.cinit)
                  00016162    00000006     --HOLE-- [fill = 0]
                  00016168    00000004     (.pad.cinit) [fill = 0]

.const     0    00016170    00000060     
                  00016170    00000040     dsk6713bsl.lib : dsk6713_aic23_opencodec.obj (.const)
                  000161b0    00000020                    : dsk6713.obj (.const)

.bss       0    000161d0    00000020     UNINITIALIZED
                  000161d0    00000012     test.obj (.bss)
                  000161e2    00000002     --HOLE--
                  000161e4    0000000c     codec.obj (.bss)

.switch    0    000161f0    00000018     
                  000161f0    00000018     test.obj (.switch:_wave)


GLOBAL SYMBOLS: SORTED ALPHABETICALLY BY Name 

address    name
--------   ----
000161d0   $bss
000161d0   .bss
00000008   .data
00013a80   .text
00015a80   C$$EXIT
00013a58   _DSK6713_AIC23_codeccontrolhandle
00013a5c   _DSK6713_AIC23_codecdatahandle
000151a0   _DSK6713_AIC23_config
000143c0   _DSK6713_AIC23_openCodec
00015980   _DSK6713_AIC23_read
0001517c   _DSK6713_AIC23_rget
000150e0   _DSK6713_AIC23_rset
00015880   _DSK6713_AIC23_write
00015908   _DSK6713_DIP_get
00015900   _DSK6713_DIP_init
00014f40   _DSK6713_LED_init
00014f68   _DSK6713_LED_off
00014fc4   _DSK6713_LED_on
00015020   _DSK6713_LED_toggle
00014354   _DSK6713_getVersion
00013f8c   _DSK6713_init
000142a8   _DSK6713_rget
000142bc   _DSK6713_rset
00013a68   _DSK6713_version
000142d0   _DSK6713_wait
00014328   _DSK6713_waitusec
00015760   _MCBSP_config
00015480   _MCBSP_open
00015a20   _MCBSP_read
00014da0   _MCBSP_reset
00015a40   _MCBSP_rrdy
00015580   _MCBSP_start
0001397c   __IRQ_dispatchTable
000138b8   __IRQ_eventTable
00015aa0   __IRQ_hookFetchPacket
0001393c   __IRQ_intTable
00013a1c   __MCBSP_hDev0
00013a20   __MCBSP_hDev1
00015ec0   __STACK_END
00000400   __STACK_SIZE
00000001   __TI_args_main
00013a54   ___TI_enable_exit_profile_output
ffffffff   ___TI_pprof_out_hndl
ffffffff   ___TI_prof_data_size
ffffffff   ___TI_prof_data_start
ffffffff   ___binit__
000161d0   ___bss__
ffffffff   ___c_args__
00015ec0   ___cinit__
00000008   ___data__
00000008   ___edata__
000161f0   ___end__
00015ac0   ___etext__
ffffffff   ___pinit__
00013a80   ___text__
000159e0   __args_main
00015240   __auto_init
00013a4c   __cleanup_ptr
00013a50   __dtors_ptr
00013a60   __lock
00015a60   __nop
00015ac0   __stack
00015680   __strasg
00013a64   __unlock
000161d0   _a_val_in
00015a80   _abort
00013984   _aic23_config
00000008   _buf
00015800   _c_int00
000161ec   _codec
00014890   _codecSetup
00014c40   _dec_ring
00015360   _exit
000148e8   _getData
00014bc0   _inc_ring
00014cc0   _init_ring
00014d74   _init_ring_ptr
000161d6   _l_val_out
00013a80   _main
000161e4   _mcbspControlHandle
000161e8   _mcbspDataHandle
000146e0   _mcbspSetup
000139cc   _mcbsp_control_config
000139ac   _mcbsp_data_config
00014980   _memcpy
000148e0   _newSample
000161d8   _ptr
000161d4   _r_val_out
00013888   _ring
00013af8   _test
00013c38   _wave
000161dc   _wave_count
000161e0   _wave_del
ffffffff   binit
00015ec0   cinit
00000008   edata
000161f0   end
00015ac0   etext
ffffffff   pinit


GLOBAL SYMBOLS: SORTED BY Symbol Address 

address    name
--------   ----
00000001   __TI_args_main
00000008   .data
00000008   ___data__
00000008   ___edata__
00000008   _buf
00000008   edata
00000400   __STACK_SIZE
00013888   _ring
000138b8   __IRQ_eventTable
0001393c   __IRQ_intTable
0001397c   __IRQ_dispatchTable
00013984   _aic23_config
000139ac   _mcbsp_data_config
000139cc   _mcbsp_control_config
00013a1c   __MCBSP_hDev0
00013a20   __MCBSP_hDev1
00013a4c   __cleanup_ptr
00013a50   __dtors_ptr
00013a54   ___TI_enable_exit_profile_output
00013a58   _DSK6713_AIC23_codeccontrolhandle
00013a5c   _DSK6713_AIC23_codecdatahandle
00013a60   __lock
00013a64   __unlock
00013a68   _DSK6713_version
00013a80   .text
00013a80   ___text__
00013a80   _main
00013af8   _test
00013c38   _wave
00013f8c   _DSK6713_init
000142a8   _DSK6713_rget
000142bc   _DSK6713_rset
000142d0   _DSK6713_wait
00014328   _DSK6713_waitusec
00014354   _DSK6713_getVersion
000143c0   _DSK6713_AIC23_openCodec
000146e0   _mcbspSetup
00014890   _codecSetup
000148e0   _newSample
000148e8   _getData
00014980   _memcpy
00014bc0   _inc_ring
00014c40   _dec_ring
00014cc0   _init_ring
00014d74   _init_ring_ptr
00014da0   _MCBSP_reset
00014f40   _DSK6713_LED_init
00014f68   _DSK6713_LED_off
00014fc4   _DSK6713_LED_on
00015020   _DSK6713_LED_toggle
000150e0   _DSK6713_AIC23_rset
0001517c   _DSK6713_AIC23_rget
000151a0   _DSK6713_AIC23_config
00015240   __auto_init
00015360   _exit
00015480   _MCBSP_open
00015580   _MCBSP_start
00015680   __strasg
00015760   _MCBSP_config
00015800   _c_int00
00015880   _DSK6713_AIC23_write
00015900   _DSK6713_DIP_init
00015908   _DSK6713_DIP_get
00015980   _DSK6713_AIC23_read
000159e0   __args_main
00015a20   _MCBSP_read
00015a40   _MCBSP_rrdy
00015a60   __nop
00015a80   C$$EXIT
00015a80   _abort
00015aa0   __IRQ_hookFetchPacket
00015ac0   ___etext__
00015ac0   __stack
00015ac0   etext
00015ec0   __STACK_END
00015ec0   ___cinit__
00015ec0   cinit
000161d0   $bss
000161d0   .bss
000161d0   ___bss__
000161d0   _a_val_in
000161d4   _r_val_out
000161d6   _l_val_out
000161d8   _ptr
000161dc   _wave_count
000161e0   _wave_del
000161e4   _mcbspControlHandle
000161e8   _mcbspDataHandle
000161ec   _codec
000161f0   ___end__
000161f0   end
ffffffff   ___TI_pprof_out_hndl
ffffffff   ___TI_prof_data_size
ffffffff   ___TI_prof_data_start
ffffffff   ___binit__
ffffffff   ___c_args__
ffffffff   ___pinit__
ffffffff   binit
ffffffff   pinit

[99 symbols]
